Archive member included because of file (symbol)

C:/Freescale/KSDK_1.2.0/lib/ksdk_platform_lib/kds/KL25Z4/debug/libksdk_platform.a(fsl_uart_hal.o)
                              ./Sources/fsl_debug_console.o (UART_HAL_SetBaudRate)
C:/Freescale/KSDK_1.2.0/lib/ksdk_platform_lib/kds/KL25Z4/debug/libksdk_platform.a(fsl_lptmr_driver.o)
                              ./Sources/lptmr.o (LPTMR_DRV_Init)
C:/Freescale/KSDK_1.2.0/lib/ksdk_platform_lib/kds/KL25Z4/debug/libksdk_platform.a(fsl_lpsci_hal.o)
                              ./Sources/fsl_debug_console.o (LPSCI_HAL_SetBaudRate)
C:/Freescale/KSDK_1.2.0/lib/ksdk_platform_lib/kds/KL25Z4/debug/libksdk_platform.a(fsl_gpio_hal.o)
                              ./Sources/ledrgb.o (GPIO_HAL_SetPinDir)
C:/Freescale/KSDK_1.2.0/lib/ksdk_platform_lib/kds/KL25Z4/debug/libksdk_platform.a(fsl_clock_MKL25Z4.o)
                              ./Sources/mcg.o (CLOCK_SYS_SetConfiguration)
C:/Freescale/KSDK_1.2.0/lib/ksdk_platform_lib/kds/KL25Z4/debug/libksdk_platform.a(fsl_clock_manager.o)
                              C:/Freescale/KSDK_1.2.0/lib/ksdk_platform_lib/kds/KL25Z4/debug/libksdk_platform.a(fsl_clock_MKL25Z4.o) (CLOCK_SYS_GetSystickFreq)
C:/Freescale/KSDK_1.2.0/lib/ksdk_platform_lib/kds/KL25Z4/debug/libksdk_platform.a(fsl_clock_manager_common.o)
                              C:/Freescale/KSDK_1.2.0/lib/ksdk_platform_lib/kds/KL25Z4/debug/libksdk_platform.a(fsl_clock_MKL25Z4.o) (g_oscBase)
C:/Freescale/KSDK_1.2.0/lib/ksdk_platform_lib/kds/KL25Z4/debug/libksdk_platform.a(fsl_os_abstraction_bm.o)
                              C:/Freescale/KSDK_1.2.0/lib/ksdk_platform_lib/kds/KL25Z4/debug/libksdk_platform.a(fsl_clock_manager.o) (OSA_EnterCritical)
C:/Freescale/KSDK_1.2.0/lib/ksdk_platform_lib/kds/KL25Z4/debug/libksdk_platform.a(fsl_sim_hal_MKL25Z4.o)
                              C:/Freescale/KSDK_1.2.0/lib/ksdk_platform_lib/kds/KL25Z4/debug/libksdk_platform.a(fsl_clock_MKL25Z4.o) (CLOCK_HAL_SetOutDiv)
C:/Freescale/KSDK_1.2.0/lib/ksdk_platform_lib/kds/KL25Z4/debug/libksdk_platform.a(fsl_rtc_common.o)
                              C:/Freescale/KSDK_1.2.0/lib/ksdk_platform_lib/kds/KL25Z4/debug/libksdk_platform.a(fsl_clock_manager.o) (g_rtcBase)
C:/Freescale/KSDK_1.2.0/lib/ksdk_platform_lib/kds/KL25Z4/debug/libksdk_platform.a(fsl_osc_hal.o)
                              C:/Freescale/KSDK_1.2.0/lib/ksdk_platform_lib/kds/KL25Z4/debug/libksdk_platform.a(fsl_clock_manager.o) (OSC_HAL_SetCapacitor)
C:/Freescale/KSDK_1.2.0/lib/ksdk_platform_lib/kds/KL25Z4/debug/libksdk_platform.a(fsl_mcg_hal.o)
                              C:/Freescale/KSDK_1.2.0/lib/ksdk_platform_lib/kds/KL25Z4/debug/libksdk_platform.a(fsl_clock_MKL25Z4.o) (CLOCK_HAL_GetFllClk)
C:/Freescale/KSDK_1.2.0/lib/ksdk_platform_lib/kds/KL25Z4/debug/libksdk_platform.a(fsl_mcg_hal_modes.o)
                              C:/Freescale/KSDK_1.2.0/lib/ksdk_platform_lib/kds/KL25Z4/debug/libksdk_platform.a(fsl_clock_manager.o) (CLOCK_HAL_GetMcgMode)
C:/Freescale/KSDK_1.2.0/lib/ksdk_platform_lib/kds/KL25Z4/debug/libksdk_platform.a(fsl_lptmr_hal.o)
                              C:/Freescale/KSDK_1.2.0/lib/ksdk_platform_lib/kds/KL25Z4/debug/libksdk_platform.a(fsl_lptmr_driver.o) (LPTMR_HAL_Init)
C:/Freescale/KSDK_1.2.0/lib/ksdk_platform_lib/kds/KL25Z4/debug/libksdk_platform.a(fsl_lptmr_common.o)
                              C:/Freescale/KSDK_1.2.0/lib/ksdk_platform_lib/kds/KL25Z4/debug/libksdk_platform.a(fsl_lptmr_driver.o) (g_lptmrIrqId)
C:/Freescale/KSDK_1.2.0/lib/ksdk_platform_lib/kds/KL25Z4/debug/libksdk_platform.a(fsl_interrupt_manager.o)
                              C:/Freescale/KSDK_1.2.0/lib/ksdk_platform_lib/kds/KL25Z4/debug/libksdk_platform.a(fsl_os_abstraction_bm.o) (INT_SYS_InstallHandler)
c:/freescale/kds_v3/toolchain/bin/../lib/gcc/arm-none-eabi/4.8.4/armv6-m\libgcc.a(_thumb1_case_uqi.o)
                              C:/Freescale/KSDK_1.2.0/lib/ksdk_platform_lib/kds/KL25Z4/debug/libksdk_platform.a(fsl_clock_MKL25Z4.o) (__gnu_thumb1_case_uqi)
c:/freescale/kds_v3/toolchain/bin/../lib/gcc/arm-none-eabi/4.8.4/armv6-m\libgcc.a(_udivsi3.o)
                              ./Sources/communicationStateMachine.o (__aeabi_uidiv)
c:/freescale/kds_v3/toolchain/bin/../lib/gcc/arm-none-eabi/4.8.4/armv6-m\libgcc.a(_divsi3.o)
                              ./Sources/print_scan.o (__aeabi_idiv)
c:/freescale/kds_v3/toolchain/bin/../lib/gcc/arm-none-eabi/4.8.4/armv6-m\libgcc.a(_dvmd_tls.o)
                              c:/freescale/kds_v3/toolchain/bin/../lib/gcc/arm-none-eabi/4.8.4/armv6-m\libgcc.a(_udivsi3.o) (__aeabi_idiv0)
c:/freescale/kds_v3/toolchain/bin/../lib/gcc/arm-none-eabi/4.8.4/armv6-m\libgcc.a(_arm_cmpsf2.o)
                              ./Sources/communicationStateMachine.o (__aeabi_fcmpeq)
c:/freescale/kds_v3/toolchain/bin/../lib/gcc/arm-none-eabi/4.8.4/armv6-m\libgcc.a(_fixunssfsi.o)
                              ./Sources/adc.o (__aeabi_f2uiz)
[...]
Memory Configuration

Name             Origin             Length             Attributes
m_interrupts     0x00000000         0x00000100         xr
m_flash_config   0x00000400         0x00000010         xr
m_text           0x00000410         0x0001fbf0         xr
m_data           0x1ffff000         0x00004000         rw
*default*        0x00000000         0xffffffff

Linker script and memory map

LOAD c:/freescale/kds_v3/toolchain/bin/../lib/gcc/arm-none-eabi/4.8.4/armv6-m/crti.o
LOAD c:/freescale/kds_v3/toolchain/bin/../lib/gcc/arm-none-eabi/4.8.4/armv6-m/crtbegin.o
LOAD c:/freescale/kds_v3/toolchain/bin/../lib/gcc/arm-none-eabi/4.8.4/../../../../arm-none-eabi/lib/armv6-m/crt0.o
LOAD ./Sources/UART.o
LOAD ./Sources/adc.o
LOAD ./Sources/aquecedorECooler.o
LOAD ./Sources/communicationStateMachine.o
LOAD ./Sources/filter.o
LOAD ./Sources/fsl_debug_console.o
LOAD ./Sources/interfacelocal.o
LOAD ./Sources/lcd.o
LOAD ./Sources/ledSwi.o
LOAD ./Sources/ledrgb.o
LOAD ./Sources/lptmr.o
LOAD ./Sources/lut_adc_3v3.o
LOAD ./Sources/main.o
LOAD ./Sources/mcg.o
LOAD ./Sources/pid.o
LOAD ./Sources/print_scan.o
LOAD ./Sources/tacometro.o
LOAD ./Sources/timer.o
LOAD ./Sources/util.o
LOAD ./Project_Settings/Startup_Code/startup.o
LOAD ./Project_Settings/Startup_Code/startup_MKL25Z4.o
LOAD ./Project_Settings/Startup_Code/system_MKL25Z4.o
LOAD C:/Freescale/KSDK_1.2.0/lib/ksdk_platform_lib/kds/KL25Z4/debug/libksdk_platform.a
LOAD c:/freescale/kds_v3/toolchain/bin/../lib/gcc/arm-none-eabi/4.8.4/../../../../arm-none-eabi/lib/armv6-m\libstdc++_s.a
LOAD c:/freescale/kds_v3/toolchain/bin/../lib/gcc/arm-none-eabi/4.8.4/../../../../arm-none-eabi/lib/armv6-m\libm.a
START GROUP
LOAD c:/freescale/kds_v3/toolchain/bin/../lib/gcc/arm-none-eabi/4.8.4/armv6-m\libgcc.a
LOAD c:/freescale/kds_v3/toolchain/bin/../lib/gcc/arm-none-eabi/4.8.4/../../../../arm-none-eabi/lib/armv6-m\libg_s.a
LOAD c:/freescale/kds_v3/toolchain/bin/../lib/gcc/arm-none-eabi/4.8.4/../../../../arm-none-eabi/lib/armv6-m\libc_s.a
END GROUP
START GROUP
LOAD c:/freescale/kds_v3/toolchain/bin/../lib/gcc/arm-none-eabi/4.8.4/armv6-m\libgcc.a
LOAD c:/freescale/kds_v3/toolchain/bin/../lib/gcc/arm-none-eabi/4.8.4/../../../../arm-none-eabi/lib/armv6-m\libc_s.a
LOAD c:/freescale/kds_v3/toolchain/bin/../lib/gcc/arm-none-eabi/4.8.4/../../../../arm-none-eabi/lib/armv6-m\libnosys.a
END GROUP
START GROUP
LOAD c:/freescale/kds_v3/toolchain/bin/../lib/gcc/arm-none-eabi/4.8.4/armv6-m\libgcc.a
LOAD c:/freescale/kds_v3/toolchain/bin/../lib/gcc/arm-none-eabi/4.8.4/../../../../arm-none-eabi/lib/armv6-m\libc_s.a
LOAD c:/freescale/kds_v3/toolchain/bin/../lib/gcc/arm-none-eabi/4.8.4/../../../../arm-none-eabi/lib/armv6-m\libnosys.a
END GROUP
LOAD c:/freescale/kds_v3/toolchain/bin/../lib/gcc/arm-none-eabi/4.8.4/armv6-m/crtend.o
LOAD c:/freescale/kds_v3/toolchain/bin/../lib/gcc/arm-none-eabi/4.8.4/armv6-m/crtn.o
                0x00000400                HEAP_SIZE = DEFINED (__heap_size__)?__heap_size__:0x400
                0x00000400                STACK_SIZE = DEFINED (__stack_size__)?__stack_size__:0x400
                0x00000000                M_VECTOR_RAM_SIZE = DEFINED (__ram_vector_table__)?0x100:0x0

.interrupts     0x00000000       0xc0
                0x00000000                __VECTOR_TABLE = .
                0x00000000                . = ALIGN (0x4)
 *(.isr_vector)
 .isr_vector    0x00000000       0xc0 ./Project_Settings/Startup_Code/startup_MKL25Z4.o
                0x00000000                __isr_vector
                0x000000c0                . = ALIGN (0x4)

.flash_config   0x00000400       0x10
                0x00000400                . = ALIGN (0x4)
 *(.FlashConfig)
 .FlashConfig   0x00000400       0x10 ./Project_Settings/Startup_Code/startup_MKL25Z4.o
                0x00000410                . = ALIGN (0x4)

.text           0x00000410     0x8abc
                0x00000410                . = ALIGN (0x4)
 *(.text)
 .text          0x00000410       0x60 c:/freescale/kds_v3/toolchain/bin/../lib/gcc/arm-none-eabi/4.8.4/armv6-m/crtbegin.o
 .text          0x00000470       0x78 c:/freescale/kds_v3/toolchain/bin/../lib/gcc/arm-none-eabi/4.8.4/../../../../arm-none-eabi/lib/armv6-m/crt0.o
                0x00000470                _start
                0x00000470                _mainCRTStartup
 .text          0x000004e8       0x18 ./Project_Settings/Startup_Code/startup_MKL25Z4.o
                0x000004e8                Reset_Handler
                0x000004f8                HardFault_Handler
                0x000004f8                SysTick_Handler
                0x000004f8                PendSV_Handler
                0x000004f8                NMI_Handler
                0x000004f8                I2C1_IRQHandler
                0x000004f8                UART1_IRQHandler
                0x000004f8                DMA2_IRQHandler
                0x000004f8                TPM0_IRQHandler
                0x000004f8                LLWU_IRQHandler
                0x000004f8                TSI0_IRQHandler
                0x000004f8                ADC0_IRQHandler
                0x000004f8                Reserved39_IRQHandler
                0x000004f8                SPI1_IRQHandler
                0x000004f8                DefaultISR
                0x000004f8                PORTD_IRQHandler
                0x000004f8                TPM2_IRQHandler
                0x000004f8                RTC_IRQHandler
                0x000004f8                I2C0_IRQHandler
                0x000004f8                RTC_Seconds_IRQHandler
                0x000004f8                MCG_IRQHandler
                0x000004f8                UART2_IRQHandler
                0x000004f8                Reserved20_IRQHandler
                0x000004f8                USB0_IRQHandler
                0x000004f8                PIT_IRQHandler
                0x000004f8                SVC_Handler
                0x000004f8                DMA3_IRQHandler
                0x000004f8                DMA0_IRQHandler
                0x000004f8                DAC0_IRQHandler
                0x000004f8                Reserved45_IRQHandler
                0x000004f8                TPM1_IRQHandler
                0x000004f8                LVD_LVW_IRQHandler
                0x000004f8                SPI0_IRQHandler
                0x000004f8                PORTA_IRQHandler
                0x000004f8                FTFA_IRQHandler
                0x000004f8                CMP0_IRQHandler
                0x000004f8                DMA1_IRQHandler
 .text          0x00000500       0x14 c:/freescale/kds_v3/toolchain/bin/../lib/gcc/arm-none-eabi/4.8.4/armv6-m\libgcc.a(_thumb1_case_uqi.o)
                0x00000500                __gnu_thumb1_case_uqi
 .text          0x00000514       0x9c c:/freescale/kds_v3/toolchain/bin/../lib/gcc/arm-none-eabi/4.8.4/armv6-m\libgcc.a(_udivsi3.o)
                0x00000514                __aeabi_uidiv
                0x00000514                __udivsi3
                0x0000059c                __aeabi_uidivmod
 .text          0x000005b0       0xc0 c:/freescale/kds_v3/toolchain/bin/../lib/gcc/arm-none-eabi/4.8.4/armv6-m\libgcc.a(_divsi3.o)
                0x000005b0                __divsi3
                0x000005b0                __aeabi_idiv
                0x0000065c                __aeabi_idivmod
 .text          0x00000670        0x4 c:/freescale/kds_v3/toolchain/bin/../lib/gcc/arm-none-eabi/4.8.4/armv6-m\libgcc.a(_dvmd_tls.o)
                0x00000670                __aeabi_idiv0
                0x00000670                __aeabi_ldiv0
 .text          0x00000674       0x74 c:/freescale/kds_v3/toolchain/bin/../lib/gcc/arm-none-eabi/4.8.4/armv6-m\libgcc.a(_arm_cmpsf2.o)
                0x00000674                __aeabi_cfrcmple
                0x0000067c                __aeabi_cfcmpeq
                0x0000067c                __aeabi_cfcmple
                0x0000068c                __aeabi_fcmpeq
                0x00000698                __aeabi_fcmplt
                0x000006ac                __aeabi_fcmple
                0x000006c0                __aeabi_fcmpgt
                0x000006d4                __aeabi_fcmpge
 .text          0x000006e8       0x30 c:/freescale/kds_v3/toolchain/bin/../lib/gcc/arm-none-eabi/4.8.4/armv6-m\libgcc.a(_fixunssfsi.o)
                0x000006e8                __fixunssfsi
                0x000006e8                __aeabi_f2uiz
 .text          0x00000718      0x2d8 c:/freescale/kds_v3/toolchain/bin/../lib/gcc/arm-none-eabi/4.8.4/armv6-m\libgcc.a(addsf3.o)
                0x00000718                __aeabi_fadd
 .text          0x000009f0      0x24c c:/freescale/kds_v3/toolchain/bin/../lib/gcc/arm-none-eabi/4.8.4/armv6-m\libgcc.a(divsf3.o)
                0x000009f0                __aeabi_fdiv
 .text          0x00000c3c       0x54 c:/freescale/kds_v3/toolchain/bin/../lib/gcc/arm-none-eabi/4.8.4/armv6-m\libgcc.a(eqsf2.o)
                0x00000c3c                __eqsf2
                0x00000c3c                __nesf2
 .text          0x00000c90       0x90 c:/freescale/kds_v3/toolchain/bin/../lib/gcc/arm-none-eabi/4.8.4/armv6-m\libgcc.a(gesf2.o)
                0x00000c90                __gesf2
                0x00000c90                __gtsf2
 .text          0x00000d20       0x98 c:/freescale/kds_v3/toolchain/bin/../lib/gcc/arm-none-eabi/4.8.4/armv6-m\libgcc.a(lesf2.o)
                0x00000d20                __ltsf2
                0x00000d20                __lesf2
 .text          0x00000db8      0x254 c:/freescale/kds_v3/toolchain/bin/../lib/gcc/arm-none-eabi/4.8.4/armv6-m\libgcc.a(mulsf3.o)
                0x00000db8                __aeabi_fmul
 .text          0x0000100c      0x2ec c:/freescale/kds_v3/toolchain/bin/../lib/gcc/arm-none-eabi/4.8.4/armv6-m\libgcc.a(subsf3.o)
                0x0000100c                __aeabi_fsub
 .text          0x000012f8       0x40 c:/freescale/kds_v3/toolchain/bin/../lib/gcc/arm-none-eabi/4.8.4/armv6-m\libgcc.a(fixsfsi.o)
                0x000012f8                __aeabi_f2iz
 .text          0x00001338       0xb8 c:/freescale/kds_v3/toolchain/bin/../lib/gcc/arm-none-eabi/4.8.4/armv6-m\libgcc.a(floatsisf.o)
                0x00001338                __aeabi_i2f
 .text          0x000013f0       0xa0 c:/freescale/kds_v3/toolchain/bin/../lib/gcc/arm-none-eabi/4.8.4/armv6-m\libgcc.a(floatunsisf.o)
                0x000013f0                __aeabi_ui2f
 .text          0x00001490      0x644 c:/freescale/kds_v3/toolchain/bin/../lib/gcc/arm-none-eabi/4.8.4/armv6-m\libgcc.a(adddf3.o)
                0x00001490                __aeabi_dadd
 .text          0x00001ad4      0x520 c:/freescale/kds_v3/toolchain/bin/../lib/gcc/arm-none-eabi/4.8.4/armv6-m\libgcc.a(muldf3.o)
                0x00001ad4                __aeabi_dmul
 .text          0x00001ff4       0xa4 c:/freescale/kds_v3/toolchain/bin/../lib/gcc/arm-none-eabi/4.8.4/armv6-m\libgcc.a(extendsfdf2.o)
                0x00001ff4                __aeabi_f2d
 .text          0x00002098      0x118 c:/freescale/kds_v3/toolchain/bin/../lib/gcc/arm-none-eabi/4.8.4/armv6-m\libgcc.a(truncdfsf2.o)
                0x00002098                __aeabi_d2f
 .text          0x000021b0       0x3c c:/freescale/kds_v3/toolchain/bin/../lib/gcc/arm-none-eabi/4.8.4/armv6-m\libgcc.a(_clzsi2.o)
                0x000021b0                __clzsi2
 *(.text*)
 .text.NVIC_EnableIRQ
                0x000021ec       0x2c ./Sources/UART.o
 .text.PORT_HAL_SetMuxMode
                0x00002218       0x4c ./Sources/UART.o
 .text.UART0_init
                0x00002264       0x4c ./Sources/UART.o
                0x00002264                UART0_init
 .text.UART0_enableIRQ
                0x000022b0       0x24 ./Sources/UART.o
                0x000022b0                UART0_enableIRQ
 .text.UART0_IRQHandler
                0x000022d4       0x18 ./Sources/UART.o
                0x000022d4                UART0_IRQHandler
 .text.adc_initADCModule
                0x000022ec       0x68 ./Sources/adc.o
                0x000022ec                adc_initADCModule
 .text.adc_initConvertion
                0x00002354       0x18 ./Sources/adc.o
                0x00002354                adc_initConvertion
 .text.adc_isAdcDone
                0x0000236c       0x20 ./Sources/adc.o
                0x0000236c                adc_isAdcDone
 .text.adc_getConvertionValue
                0x0000238c       0x14 ./Sources/adc.o
                0x0000238c                adc_getConvertionValue
 .text.adc_getTemperature
                0x000023a0       0xb8 ./Sources/adc.o
                0x000023a0                adc_getTemperature
 .text.PWM_init
                0x00002458       0xf0 ./Sources/aquecedorECooler.o
                0x00002458                PWM_init
 .text.coolerfan_init
                0x00002548       0x44 ./Sources/aquecedorECooler.o
                0x00002548                coolerfan_init
 .text.heater_init
                0x0000258c       0x44 ./Sources/aquecedorECooler.o
                0x0000258c                heater_init
 .text.coolerfan_PWMDuty
                0x000025d0       0x50 ./Sources/aquecedorECooler.o
                0x000025d0                coolerfan_PWMDuty
 .text.heater_PWMDuty
                0x00002620       0x50 ./Sources/aquecedorECooler.o
                0x00002620                heater_PWMDuty
 .text.getDutyCycleCooler
                0x00002670       0x34 ./Sources/aquecedorECooler.o
                0x00002670                getDutyCycleCooler
 .text.getDutyCycleHeater
                0x000026a4       0x34 ./Sources/aquecedorECooler.o
                0x000026a4                getDutyCycleHeater
 .text.processByteCommunication
                0x000026d8      0x1d8 ./Sources/communicationStateMachine.o
                0x000026d8                processByteCommunication
 .text.setParam
                0x000028b0      0x2e0 ./Sources/communicationStateMachine.o
                0x000028b0                setParam
 .text.returnParam
                0x00002b90      0x260 ./Sources/communicationStateMachine.o
                0x00002b90                returnParam
 .text.filter_init
                0x00002df0       0x2c ./Sources/filter.o
                0x00002df0                filter_init
 *fill*         0x00002e1c        0x4 
 .text.filter_mainEma
                0x00002e20       0x78 ./Sources/filter.o
                0x00002e20                filter_mainEma
 .text.filter_dema
                0x00002e98       0x60 ./Sources/filter.o
                0x00002e98                filter_dema
 .text.UART_HAL_EnableTransmitter
                0x00002ef8       0x1c ./Sources/fsl_debug_console.o
 .text.UART_HAL_EnableReceiver
                0x00002f14       0x1c ./Sources/fsl_debug_console.o
 .text.UART_HAL_SetBitCountPerChar
                0x00002f30       0x28 ./Sources/fsl_debug_console.o
 .text.UART_HAL_SetStopBitCount
                0x00002f58       0x28 ./Sources/fsl_debug_console.o
 .text.LPSCI_HAL_EnableTransmitter
                0x00002f80       0x1c ./Sources/fsl_debug_console.o
 .text.LPSCI_HAL_EnableReceiver
                0x00002f9c       0x1c ./Sources/fsl_debug_console.o
 .text.LPSCI_HAL_SetBitCountPerChar
                0x00002fb8       0x28 ./Sources/fsl_debug_console.o
 .text.LPSCI_HAL_SetStopBitCount
                0x00002fe0       0x28 ./Sources/fsl_debug_console.o
 .text.DbgConsole_Init
                0x00003008      0x160 ./Sources/fsl_debug_console.o
                0x00003008                DbgConsole_Init
 .text._write   0x00003168       0x5c ./Sources/fsl_debug_console.o
                0x00003168                _write
 .text._read    0x000031c4       0x48 ./Sources/fsl_debug_console.o
                0x000031c4                _read
 .text.debug_printf
                0x0000320c       0x4c ./Sources/fsl_debug_console.o
                0x0000320c                debug_printf
 .text.debug_putc
                0x00003258       0x44 ./Sources/fsl_debug_console.o
 .text.debug_getchar
                0x0000329c       0x38 ./Sources/fsl_debug_console.o
                0x0000329c                debug_getchar
 .text.localInterfaceHandler
                0x000032d4      0xd70 ./Sources/interfacelocal.o
                0x000032d4                localInterfaceHandler
 .text.lcd_initLcd
                0x00004044      0x168 ./Sources/lcd.o
                0x00004044                lcd_initLcd
 .text.lcd_write2Lcd
                0x000041ac       0x84 ./Sources/lcd.o
                0x000041ac                lcd_write2Lcd
 .text.lcd_writeData
                0x00004230       0x20 ./Sources/lcd.o
                0x00004230                lcd_writeData
 .text.lcd_sendCommand
                0x00004250       0x20 ./Sources/lcd.o
                0x00004250                lcd_sendCommand
 .text.lcd_setCursor
                0x00004270       0x58 ./Sources/lcd.o
                0x00004270                lcd_setCursor
 .text.lcd_writeString
                0x000042c8       0x28 ./Sources/lcd.o
                0x000042c8                lcd_writeString
 .text.lcd_writeText
                0x000042f0       0x50 ./Sources/lcd.o
                0x000042f0                lcd_writeText
 .text.setGlobalString
                0x00004340       0x64 ./Sources/lcd.o
                0x00004340                setGlobalString
 .text.initKeyboard
                0x000043a4      0x150 ./Sources/ledSwi.o
                0x000043a4                initKeyboard
 .text.readButton
                0x000044f4       0xac ./Sources/ledSwi.o
                0x000044f4                readButton
 .text.PORT_HAL_SetMuxMode
                0x000045a0       0x4c ./Sources/ledrgb.o
 .text.GPIO_HAL_SetPinOutput
                0x000045ec       0x3c ./Sources/ledrgb.o
 .text.GPIO_HAL_ClearPinOutput
                0x00004628       0x3c ./Sources/ledrgb.o
 .text.ledrgb_init
                0x00004664       0x8c ./Sources/ledrgb.o
                0x00004664                ledrgb_init
 .text.ledrgb_write
                0x000046f0       0x7c ./Sources/ledrgb.o
                0x000046f0                ledrgb_write
 .text.LPTMR0_IRQHandler
                0x0000476c       0x10 ./Sources/lptmr.o
                0x0000476c                LPTMR0_IRQHandler
 .text.tc_installLptmr0
                0x0000477c       0x40 ./Sources/lptmr.o
                0x0000477c                tc_installLptmr0
 .text.boardInit
                0x000047bc       0x70 ./Sources/main.o
                0x000047bc                boardInit
 .text.periodic_temperatureControl
                0x0000482c       0x60 ./Sources/main.o
                0x0000482c                periodic_temperatureControl
 .text.periodic_tachometerReadData
                0x0000488c       0x2c ./Sources/main.o
                0x0000488c                periodic_tachometerReadData
 .text.periodic_localInterface
                0x000048b8       0x98 ./Sources/main.o
                0x000048b8                periodic_localInterface
 .text.periodic_interruption
                0x00004950       0x18 ./Sources/main.o
                0x00004950                periodic_interruption
 .text.main     0x00004968       0x20 ./Sources/main.o
                0x00004968                main
 .text.SMC_HAL_SetProtection
                0x00004988       0x1c ./Sources/mcg.o
 .text.PORT_HAL_SetMuxMode
                0x000049a4       0x4c ./Sources/mcg.o
 .text.mcg_initOsc0
                0x000049f0       0x40 ./Sources/mcg.o
                0x000049f0                mcg_initOsc0
 .text.mcg_initRtcOsc
                0x00004a30       0x40 ./Sources/mcg.o
                0x00004a30                mcg_initRtcOsc
 .text.mcg_initSystemClock
                0x00004a70       0x14 ./Sources/mcg.o
                0x00004a70                mcg_initSystemClock
 .text.mcg_clockInit
                0x00004a84       0x50 ./Sources/mcg.o
                0x00004a84                mcg_clockInit
 .text.pid_init
                0x00004ad4       0x48 ./Sources/pid.o
                0x00004ad4                pid_init
 .text.pid_turnOnOff
                0x00004b1c       0x48 ./Sources/pid.o
                0x00004b1c                pid_turnOnOff
 .text.pid_isOn
                0x00004b64       0x14 ./Sources/pid.o
                0x00004b64                pid_isOn
 .text.pid_setTemperatureSetpoint
                0x00004b78       0x44 ./Sources/pid.o
                0x00004b78                pid_setTemperatureSetpoint
 .text.pid_getTemperatureSetpoint
                0x00004bbc       0x14 ./Sources/pid.o
                0x00004bbc                pid_getTemperatureSetpoint
 .text.pid_setKp
                0x00004bd0       0x18 ./Sources/pid.o
                0x00004bd0                pid_setKp
 .text.pid_getKp
                0x00004be8       0x14 ./Sources/pid.o
                0x00004be8                pid_getKp
 .text.pid_setKi
                0x00004bfc       0x18 ./Sources/pid.o
                0x00004bfc                pid_setKi
 .text.pid_getKi
                0x00004c14       0x14 ./Sources/pid.o
                0x00004c14                pid_getKi
 .text.pid_setKd
                0x00004c28       0x18 ./Sources/pid.o
                0x00004c28                pid_setKd
 .text.pid_getKd
                0x00004c40       0x14 ./Sources/pid.o
                0x00004c40                pid_getKd
 .text.pidUpdateData
                0x00004c54       0xf8 ./Sources/pid.o
                0x00004c54                pidUpdateData
 .text._doprint
                0x00004d4c      0x6e4 ./Sources/print_scan.o
                0x00004d4c                _doprint
 .text.mknumstr
                0x00005430      0x110 ./Sources/print_scan.o
 .text.fput_pad
                0x00005540       0x44 ./Sources/print_scan.o
 .text.tachometer_init
                0x00005584       0xd0 ./Sources/tacometro.o
                0x00005584                tachometer_init
 .text.tachometer_readSensor
                0x00005654       0x4c ./Sources/tacometro.o
                0x00005654                tachometer_readSensor
 .text.tachometer_getSpeed
                0x000056a0       0x14 ./Sources/tacometro.o
                0x000056a0                tachometer_getSpeed
 .text.timer_init
                0x000056b4       0x2c ./Sources/timer.o
                0x000056b4                timer_init
 .text.timer_start
                0x000056e0       0x34 ./Sources/timer.o
                0x000056e0                timer_start
 .text.timer_getTimeLeft
                0x00005714       0x20 ./Sources/timer.o
                0x00005714                timer_getTimeLeft
 .text.timer_isOn
                0x00005734       0x14 ./Sources/timer.o
                0x00005734                timer_isOn
 .text.timer_abort
                0x00005748       0x14 ./Sources/timer.o
                0x00005748                timer_abort
 .text.timer_tick
                0x0000575c       0x4c ./Sources/timer.o
                0x0000575c                timer_tick
 .text.util_genDelay088us
                0x000057a8       0x48 ./Sources/util.o
                0x000057a8                util_genDelay088us
 .text.util_genDelay250us
                0x000057f0       0x44 ./Sources/util.o
                0x000057f0                util_genDelay250us
 .text.util_genDelay1ms
                0x00005834       0x18 ./Sources/util.o
                0x00005834                util_genDelay1ms
 .text.util_genDelay10ms
                0x0000584c       0x30 ./Sources/util.o
                0x0000584c                util_genDelay10ms
 .text.util_genDelay100ms
                0x0000587c       0x30 ./Sources/util.o
                0x0000587c                util_genDelay100ms
 .text.convertFloatToString
                0x000058ac      0x100 ./Sources/util.o
                0x000058ac                convertFloatToString
 .text.convertStringToFloat
                0x000059ac       0xe4 ./Sources/util.o
                0x000059ac                convertStringToFloat
 .text.append_string
                0x00005a90       0x60 ./Sources/util.o
                0x00005a90                append_string
 .text.unsignedIntToString
                0x00005af0       0xe0 ./Sources/util.o
                0x00005af0                unsignedIntToString
 .text.init_data_bss
                0x00005bd0       0xc8 ./Project_Settings/Startup_Code/startup.o
                0x00005bd0                init_data_bss
 .text.SystemInit
                0x00005c98       0x18 ./Project_Settings/Startup_Code/system_MKL25Z4.o
                0x00005c98                SystemInit
 .text.UART_HAL_SetBaudRate
                0x00005cb0       0x34 C:/Freescale/KSDK_1.2.0/lib/ksdk_platform_lib/kds/KL25Z4/debug/libksdk_platform.a(fsl_uart_hal.o)
                0x00005cb0                UART_HAL_SetBaudRate
 .text.UART_HAL_SetParityMode
                0x00005ce4       0x1e C:/Freescale/KSDK_1.2.0/lib/ksdk_platform_lib/kds/KL25Z4/debug/libksdk_platform.a(fsl_uart_hal.o)
                0x00005ce4                UART_HAL_SetParityMode
 .text.UART_HAL_SendDataPolling
                0x00005d02       0x22 C:/Freescale/KSDK_1.2.0/lib/ksdk_platform_lib/kds/KL25Z4/debug/libksdk_platform.a(fsl_uart_hal.o)
                0x00005d02                UART_HAL_SendDataPolling
 .text.UART_HAL_ReceiveDataPolling
                0x00005d24       0x38 C:/Freescale/KSDK_1.2.0/lib/ksdk_platform_lib/kds/KL25Z4/debug/libksdk_platform.a(fsl_uart_hal.o)
                0x00005d24                UART_HAL_ReceiveDataPolling
 .text.INT_SYS_DisableIRQ
                0x00005d5c       0x40 C:/Freescale/KSDK_1.2.0/lib/ksdk_platform_lib/kds/KL25Z4/debug/libksdk_platform.a(fsl_lptmr_driver.o)
 .text.LPTMR_DRV_Init
                0x00005d9c      0x124 C:/Freescale/KSDK_1.2.0/lib/ksdk_platform_lib/kds/KL25Z4/debug/libksdk_platform.a(fsl_lptmr_driver.o)
                0x00005d9c                LPTMR_DRV_Init
 .text.LPTMR_DRV_Start
                0x00005ec0       0x4c C:/Freescale/KSDK_1.2.0/lib/ksdk_platform_lib/kds/KL25Z4/debug/libksdk_platform.a(fsl_lptmr_driver.o)
                0x00005ec0                LPTMR_DRV_Start
 .text.LPTMR_DRV_SetTimerPeriodUs
                0x00005f0c       0xcc C:/Freescale/KSDK_1.2.0/lib/ksdk_platform_lib/kds/KL25Z4/debug/libksdk_platform.a(fsl_lptmr_driver.o)
                0x00005f0c                LPTMR_DRV_SetTimerPeriodUs
 .text.LPTMR_DRV_InstallCallback
                0x00005fd8       0x38 C:/Freescale/KSDK_1.2.0/lib/ksdk_platform_lib/kds/KL25Z4/debug/libksdk_platform.a(fsl_lptmr_driver.o)
                0x00005fd8                LPTMR_DRV_InstallCallback
 .text.LPTMR_DRV_IRQHandler
                0x00006010       0x6c C:/Freescale/KSDK_1.2.0/lib/ksdk_platform_lib/kds/KL25Z4/debug/libksdk_platform.a(fsl_lptmr_driver.o)
                0x00006010                LPTMR_DRV_IRQHandler
 .text.LPSCI_HAL_SetBaudRate
                0x0000607c       0xcc C:/Freescale/KSDK_1.2.0/lib/ksdk_platform_lib/kds/KL25Z4/debug/libksdk_platform.a(fsl_lpsci_hal.o)
                0x0000607c                LPSCI_HAL_SetBaudRate
 .text.LPSCI_HAL_SetParityMode
                0x00006148       0x1e C:/Freescale/KSDK_1.2.0/lib/ksdk_platform_lib/kds/KL25Z4/debug/libksdk_platform.a(fsl_lpsci_hal.o)
                0x00006148                LPSCI_HAL_SetParityMode
 .text.LPSCI_HAL_SendDataPolling
                0x00006166       0x20 C:/Freescale/KSDK_1.2.0/lib/ksdk_platform_lib/kds/KL25Z4/debug/libksdk_platform.a(fsl_lpsci_hal.o)
                0x00006166                LPSCI_HAL_SendDataPolling
 .text.LPSCI_HAL_ReceiveDataPolling
                0x00006186       0x36 C:/Freescale/KSDK_1.2.0/lib/ksdk_platform_lib/kds/KL25Z4/debug/libksdk_platform.a(fsl_lpsci_hal.o)
                0x00006186                LPSCI_HAL_ReceiveDataPolling
 .text.GPIO_HAL_SetPinDir
                0x000061bc       0x40 C:/Freescale/KSDK_1.2.0/lib/ksdk_platform_lib/kds/KL25Z4/debug/libksdk_platform.a(fsl_gpio_hal.o)
                0x000061bc                GPIO_HAL_SetPinDir
 .text.SIM_HAL_EnableClock.constprop.7
                0x000061fc       0x24 C:/Freescale/KSDK_1.2.0/lib/ksdk_platform_lib/kds/KL25Z4/debug/libksdk_platform.a(fsl_clock_MKL25Z4.o)
 .text.CLOCK_SYS_GetCoreClockFreq
                0x00006220       0x20 C:/Freescale/KSDK_1.2.0/lib/ksdk_platform_lib/kds/KL25Z4/debug/libksdk_platform.a(fsl_clock_MKL25Z4.o)
                0x00006220                CLOCK_SYS_GetCoreClockFreq
 .text.CLOCK_SYS_SetConfiguration
                0x00006240       0x84 C:/Freescale/KSDK_1.2.0/lib/ksdk_platform_lib/kds/KL25Z4/debug/libksdk_platform.a(fsl_clock_MKL25Z4.o)
                0x00006240                CLOCK_SYS_SetConfiguration
 .text.CLOCK_SYS_FllStableDelay
                0x000062c4       0x1c C:/Freescale/KSDK_1.2.0/lib/ksdk_platform_lib/kds/KL25Z4/debug/libksdk_platform.a(fsl_clock_MKL25Z4.o)
 .text.CLOCK_SYS_GetSystemClockFreq
                0x000062e0       0x20 C:/Freescale/KSDK_1.2.0/lib/ksdk_platform_lib/kds/KL25Z4/debug/libksdk_platform.a(fsl_clock_MKL25Z4.o)
                0x000062e0                CLOCK_SYS_GetSystemClockFreq
 .text.CLOCK_SYS_GetBusClockFreq
                0x00006300       0x18 C:/Freescale/KSDK_1.2.0/lib/ksdk_platform_lib/kds/KL25Z4/debug/libksdk_platform.a(fsl_clock_MKL25Z4.o)
                0x00006300                CLOCK_SYS_GetBusClockFreq
 .text.CLOCK_SYS_GetPllFllClockFreq
                0x00006318       0x30 C:/Freescale/KSDK_1.2.0/lib/ksdk_platform_lib/kds/KL25Z4/debug/libksdk_platform.a(fsl_clock_MKL25Z4.o)
                0x00006318                CLOCK_SYS_GetPllFllClockFreq
 .text.CLOCK_SYS_GetExternalRefClock32kFreq
                0x00006348       0x40 C:/Freescale/KSDK_1.2.0/lib/ksdk_platform_lib/kds/KL25Z4/debug/libksdk_platform.a(fsl_clock_MKL25Z4.o)
                0x00006348                CLOCK_SYS_GetExternalRefClock32kFreq
 .text.CLOCK_SYS_GetOsc0ExternalRefClockFreq
                0x00006388       0x24 C:/Freescale/KSDK_1.2.0/lib/ksdk_platform_lib/kds/KL25Z4/debug/libksdk_platform.a(fsl_clock_MKL25Z4.o)
                0x00006388                CLOCK_SYS_GetOsc0ExternalRefClockFreq
 .text.CLOCK_SYS_GetLptmrFreq
                0x000063ac       0x30 C:/Freescale/KSDK_1.2.0/lib/ksdk_platform_lib/kds/KL25Z4/debug/libksdk_platform.a(fsl_clock_MKL25Z4.o)
                0x000063ac                CLOCK_SYS_GetLptmrFreq
 .text.CLOCK_SYS_GetLpsciFreq
                0x000063dc       0x34 C:/Freescale/KSDK_1.2.0/lib/ksdk_platform_lib/kds/KL25Z4/debug/libksdk_platform.a(fsl_clock_MKL25Z4.o)
                0x000063dc                CLOCK_SYS_GetLpsciFreq
 .text.CLOCK_SYS_GetUartFreq
                0x00006410       0x10 C:/Freescale/KSDK_1.2.0/lib/ksdk_platform_lib/kds/KL25Z4/debug/libksdk_platform.a(fsl_clock_MKL25Z4.o)
                0x00006410                CLOCK_SYS_GetUartFreq
 .text.CLOCK_SYS_EnablePortClock
                0x00006420       0x30 C:/Freescale/KSDK_1.2.0/lib/ksdk_platform_lib/kds/KL25Z4/debug/libksdk_platform.a(fsl_clock_MKL25Z4.o)
                0x00006420                CLOCK_SYS_EnablePortClock
 .text.CLOCK_SYS_EnableLpsciClock
                0x00006450       0x30 C:/Freescale/KSDK_1.2.0/lib/ksdk_platform_lib/kds/KL25Z4/debug/libksdk_platform.a(fsl_clock_MKL25Z4.o)
                0x00006450                CLOCK_SYS_EnableLpsciClock
 .text.CLOCK_SYS_EnableUartClock
                0x00006480       0x30 C:/Freescale/KSDK_1.2.0/lib/ksdk_platform_lib/kds/KL25Z4/debug/libksdk_platform.a(fsl_clock_MKL25Z4.o)
                0x00006480                CLOCK_SYS_EnableUartClock
 .text.CLOCK_SYS_SetMcgPeeToFbe
                0x000064b0       0x30 C:/Freescale/KSDK_1.2.0/lib/ksdk_platform_lib/kds/KL25Z4/debug/libksdk_platform.a(fsl_clock_manager.o)
 .text.CLOCK_SYS_SetMcgMode
                0x000064e0      0x134 C:/Freescale/KSDK_1.2.0/lib/ksdk_platform_lib/kds/KL25Z4/debug/libksdk_platform.a(fsl_clock_manager.o)
                0x000064e0                CLOCK_SYS_SetMcgMode
 .text.CLOCK_SYS_SetOscerConfigration
                0x00006614       0x28 C:/Freescale/KSDK_1.2.0/lib/ksdk_platform_lib/kds/KL25Z4/debug/libksdk_platform.a(fsl_clock_manager.o)
                0x00006614                CLOCK_SYS_SetOscerConfigration
 .text.CLOCK_SYS_OscInit
                0x0000663c       0x98 C:/Freescale/KSDK_1.2.0/lib/ksdk_platform_lib/kds/KL25Z4/debug/libksdk_platform.a(fsl_clock_manager.o)
                0x0000663c                CLOCK_SYS_OscInit
 .text.CLOCK_SYS_RtcOscInit
                0x000066d4       0xa0 C:/Freescale/KSDK_1.2.0/lib/ksdk_platform_lib/kds/KL25Z4/debug/libksdk_platform.a(fsl_clock_manager.o)
                0x000066d4                CLOCK_SYS_RtcOscInit
 .text.CLOCK_HAL_SetOutDiv
                0x00006774       0x1c C:/Freescale/KSDK_1.2.0/lib/ksdk_platform_lib/kds/KL25Z4/debug/libksdk_platform.a(fsl_sim_hal_MKL25Z4.o)
                0x00006774                CLOCK_HAL_SetOutDiv
 .text.OSC_HAL_SetCapacitor
                0x00006790        0xe C:/Freescale/KSDK_1.2.0/lib/ksdk_platform_lib/kds/KL25Z4/debug/libksdk_platform.a(fsl_osc_hal.o)
                0x00006790                OSC_HAL_SetCapacitor
 *fill*         0x0000679e        0x2 
 .text.CLOCK_HAL_TestOscFreq
                0x000067a0        0xc C:/Freescale/KSDK_1.2.0/lib/ksdk_platform_lib/kds/KL25Z4/debug/libksdk_platform.a(fsl_mcg_hal.o)
                0x000067a0                CLOCK_HAL_TestOscFreq
 .text.CLOCK_HAL_TestFllExternalRefFreq
                0x000067ac       0x36 C:/Freescale/KSDK_1.2.0/lib/ksdk_platform_lib/kds/KL25Z4/debug/libksdk_platform.a(fsl_mcg_hal.o)
                0x000067ac                CLOCK_HAL_TestFllExternalRefFreq
 *fill*         0x000067e2        0x2 
 .text.CLOCK_HAL_GetFllRefClk
                0x000067e4       0x44 C:/Freescale/KSDK_1.2.0/lib/ksdk_platform_lib/kds/KL25Z4/debug/libksdk_platform.a(fsl_mcg_hal.o)
                0x000067e4                CLOCK_HAL_GetFllRefClk
 .text.CLOCK_HAL_TestFllFreq
                0x00006828       0x38 C:/Freescale/KSDK_1.2.0/lib/ksdk_platform_lib/kds/KL25Z4/debug/libksdk_platform.a(fsl_mcg_hal.o)
                0x00006828                CLOCK_HAL_TestFllFreq
 .text.CLOCK_HAL_GetFllClk
                0x00006860       0x40 C:/Freescale/KSDK_1.2.0/lib/ksdk_platform_lib/kds/KL25Z4/debug/libksdk_platform.a(fsl_mcg_hal.o)
                0x00006860                CLOCK_HAL_GetFllClk
 .text.CLOCK_HAL_UpdateFastClkInternalRefDiv
                0x000068a0       0x60 C:/Freescale/KSDK_1.2.0/lib/ksdk_platform_lib/kds/KL25Z4/debug/libksdk_platform.a(fsl_mcg_hal.o)
                0x000068a0                CLOCK_HAL_UpdateFastClkInternalRefDiv
 .text.CLOCK_HAL_GetPll0Clk
                0x00006900       0x48 C:/Freescale/KSDK_1.2.0/lib/ksdk_platform_lib/kds/KL25Z4/debug/libksdk_platform.a(fsl_mcg_hal.o)
                0x00006900                CLOCK_HAL_GetPll0Clk
 .text.CLOCK_HAL_EnablePll0InFllMode
                0x00006948       0x38 C:/Freescale/KSDK_1.2.0/lib/ksdk_platform_lib/kds/KL25Z4/debug/libksdk_platform.a(fsl_mcg_hal.o)
                0x00006948                CLOCK_HAL_EnablePll0InFllMode
 .text.CLOCK_HAL_GetInternalRefClk
                0x00006980       0x40 C:/Freescale/KSDK_1.2.0/lib/ksdk_platform_lib/kds/KL25Z4/debug/libksdk_platform.a(fsl_mcg_hal.o)
                0x00006980                CLOCK_HAL_GetInternalRefClk
 .text.CLOCK_HAL_GetOutClk
                0x000069c0       0x48 C:/Freescale/KSDK_1.2.0/lib/ksdk_platform_lib/kds/KL25Z4/debug/libksdk_platform.a(fsl_mcg_hal.o)
                0x000069c0                CLOCK_HAL_GetOutClk
 .text.CLOCK_HAL_SetOsc0Mode
                0x00006a08       0x24 C:/Freescale/KSDK_1.2.0/lib/ksdk_platform_lib/kds/KL25Z4/debug/libksdk_platform.a(fsl_mcg_hal.o)
                0x00006a08                CLOCK_HAL_SetOsc0Mode
 .text.CLOCK_HAL_PrepareOsc.isra.0
                0x00006a2c       0x1e C:/Freescale/KSDK_1.2.0/lib/ksdk_platform_lib/kds/KL25Z4/debug/libksdk_platform.a(fsl_mcg_hal_modes.o)
 *fill*         0x00006a4a        0x2 
 .text.CLOCK_HAL_GetMcgMode
                0x00006a4c       0x8c C:/Freescale/KSDK_1.2.0/lib/ksdk_platform_lib/kds/KL25Z4/debug/libksdk_platform.a(fsl_mcg_hal_modes.o)
                0x00006a4c                CLOCK_HAL_GetMcgMode
 .text.CLOCK_HAL_SetFbiMode
                0x00006ad8       0xc0 C:/Freescale/KSDK_1.2.0/lib/ksdk_platform_lib/kds/KL25Z4/debug/libksdk_platform.a(fsl_mcg_hal_modes.o)
                0x00006ad8                CLOCK_HAL_SetFbiMode
 .text.CLOCK_HAL_SetFbeMode
                0x00006b98       0xd0 C:/Freescale/KSDK_1.2.0/lib/ksdk_platform_lib/kds/KL25Z4/debug/libksdk_platform.a(fsl_mcg_hal_modes.o)
                0x00006b98                CLOCK_HAL_SetFbeMode
 .text.CLOCK_HAL_SetPbeMode
                0x00006c68       0xc8 C:/Freescale/KSDK_1.2.0/lib/ksdk_platform_lib/kds/KL25Z4/debug/libksdk_platform.a(fsl_mcg_hal_modes.o)
                0x00006c68                CLOCK_HAL_SetPbeMode
 .text.LPTMR_HAL_SetTimerWorkingMode
                0x00006d30       0x3a C:/Freescale/KSDK_1.2.0/lib/ksdk_platform_lib/kds/KL25Z4/debug/libksdk_platform.a(fsl_lptmr_hal.o)
                0x00006d30                LPTMR_HAL_SetTimerWorkingMode
 .text.LPTMR_HAL_SetPrescalerMode
                0x00006d6a       0x1e C:/Freescale/KSDK_1.2.0/lib/ksdk_platform_lib/kds/KL25Z4/debug/libksdk_platform.a(fsl_lptmr_hal.o)
                0x00006d6a                LPTMR_HAL_SetPrescalerMode
 .text.__assert_func
                0x00006d88       0x3c c:/freescale/kds_v3/toolchain/bin/../lib/gcc/arm-none-eabi/4.8.4/../../../../arm-none-eabi/lib/armv6-m\libg_s.a(lib_a-assert.o)
                0x00006d88                __assert_func
 .text.exit     0x00006dc4       0x2c c:/freescale/kds_v3/toolchain/bin/../lib/gcc/arm-none-eabi/4.8.4/../../../../arm-none-eabi/lib/armv6-m\libg_s.a(lib_a-exit.o)
                0x00006dc4                exit
 .text.fprintf  0x00006df0       0x24 c:/freescale/kds_v3/toolchain/bin/../lib/gcc/arm-none-eabi/4.8.4/../../../../arm-none-eabi/lib/armv6-m\libg_s.a(lib_a-fprintf.o)
                0x00006df0                fiprintf
                0x00006df0                fprintf
 .text.__libc_init_array
                0x00006e14       0x4c c:/freescale/kds_v3/toolchain/bin/../lib/gcc/arm-none-eabi/4.8.4/../../../../arm-none-eabi/lib/armv6-m\libg_s.a(lib_a-init.o)
                0x00006e14                __libc_init_array
 .text.memcpy   0x00006e60       0x12 c:/freescale/kds_v3/toolchain/bin/../lib/gcc/arm-none-eabi/4.8.4/../../../../arm-none-eabi/lib/armv6-m\libg_s.a(lib_a-memcpy-stub.o)
                0x00006e60                memcpy
 .text.memset   0x00006e72       0x10 c:/freescale/kds_v3/toolchain/bin/../lib/gcc/arm-none-eabi/4.8.4/../../../../arm-none-eabi/lib/armv6-m\libg_s.a(lib_a-memset.o)
                0x00006e72                memset
 *fill*         0x00006e82        0x2 
 .text._free_r  0x00006e84       0x90 c:/freescale/kds_v3/toolchain/bin/../lib/gcc/arm-none-eabi/4.8.4/../../../../arm-none-eabi/lib/armv6-m\libg_s.a(lib_a-nano-freer.o)
                0x00006e84                _free_r
 .text._malloc_r
                0x00006f14       0xa8 c:/freescale/kds_v3/toolchain/bin/../lib/gcc/arm-none-eabi/4.8.4/../../../../arm-none-eabi/lib/armv6-m\libg_s.a(lib_a-nano-mallocr.o)
                0x00006f14                _malloc_r
 .text._sbrk_r  0x00006fbc       0x24 c:/freescale/kds_v3/toolchain/bin/../lib/gcc/arm-none-eabi/4.8.4/../../../../arm-none-eabi/lib/armv6-m\libg_s.a(lib_a-sbrkr.o)
                0x00006fbc                _sbrk_r
 .text.strlen   0x00006fe0        0xe c:/freescale/kds_v3/toolchain/bin/../lib/gcc/arm-none-eabi/4.8.4/../../../../arm-none-eabi/lib/armv6-m\libg_s.a(lib_a-strlen.o)
                0x00006fe0                strlen
 .text.__sfputc_r
                0x00006fee       0x2a c:/freescale/kds_v3/toolchain/bin/../lib/gcc/arm-none-eabi/4.8.4/../../../../arm-none-eabi/lib/armv6-m\libg_s.a(lib_a-vfprintf.o)
 .text.__sfputs_r
                0x00007018       0x24 c:/freescale/kds_v3/toolchain/bin/../lib/gcc/arm-none-eabi/4.8.4/../../../../arm-none-eabi/lib/armv6-m\libg_s.a(lib_a-vfprintf.o)
                0x00007018                __sfputs_r
 .text._vfprintf_r
                0x0000703c      0x210 c:/freescale/kds_v3/toolchain/bin/../lib/gcc/arm-none-eabi/4.8.4/../../../../arm-none-eabi/lib/armv6-m\libg_s.a(lib_a-vfprintf.o)
                0x0000703c                _vfprintf_r
                0x0000703c                _vfiprintf_r
 .text._printf_common
                0x0000724c       0xe8 c:/freescale/kds_v3/toolchain/bin/../lib/gcc/arm-none-eabi/4.8.4/../../../../arm-none-eabi/lib/armv6-m\libg_s.a(lib_a-vfprintf_i.o)
                0x0000724c                _printf_common
 .text._printf_i
                0x00007334      0x22c c:/freescale/kds_v3/toolchain/bin/../lib/gcc/arm-none-eabi/4.8.4/../../../../arm-none-eabi/lib/armv6-m\libg_s.a(lib_a-vfprintf_i.o)
                0x00007334                _printf_i
 .text.__swbuf_r
                0x00007560       0xb0 c:/freescale/kds_v3/toolchain/bin/../lib/gcc/arm-none-eabi/4.8.4/../../../../arm-none-eabi/lib/armv6-m\libg_s.a(lib_a-wbuf.o)
                0x00007560                __swbuf_r
 .text.__swsetup_r
                0x00007610       0xe4 c:/freescale/kds_v3/toolchain/bin/../lib/gcc/arm-none-eabi/4.8.4/../../../../arm-none-eabi/lib/armv6-m\libg_s.a(lib_a-wsetup.o)
                0x00007610                __swsetup_r
 .text.abort    0x000076f4        0xe c:/freescale/kds_v3/toolchain/bin/../lib/gcc/arm-none-eabi/4.8.4/../../../../arm-none-eabi/lib/armv6-m\libg_s.a(lib_a-abort.o)
                0x000076f4                abort
 .text.__sflush_r
                0x00007702      0x112 c:/freescale/kds_v3/toolchain/bin/../lib/gcc/arm-none-eabi/4.8.4/../../../../arm-none-eabi/lib/armv6-m\libg_s.a(lib_a-fflush.o)
                0x00007702                __sflush_r
 .text._fflush_r
                0x00007814       0x58 c:/freescale/kds_v3/toolchain/bin/../lib/gcc/arm-none-eabi/4.8.4/../../../../arm-none-eabi/lib/armv6-m\libg_s.a(lib_a-fflush.o)
                0x00007814                _fflush_r
 .text._cleanup_r
                0x0000786c       0x34 c:/freescale/kds_v3/toolchain/bin/../lib/gcc/arm-none-eabi/4.8.4/../../../../arm-none-eabi/lib/armv6-m\libg_s.a(lib_a-findfp.o)
                0x0000786c                _cleanup_r
 .text.std.isra.0
                0x000078a0       0x48 c:/freescale/kds_v3/toolchain/bin/../lib/gcc/arm-none-eabi/4.8.4/../../../../arm-none-eabi/lib/armv6-m\libg_s.a(lib_a-findfp.o)
 .text.__sfmoreglue
                0x000078e8       0x2c c:/freescale/kds_v3/toolchain/bin/../lib/gcc/arm-none-eabi/4.8.4/../../../../arm-none-eabi/lib/armv6-m\libg_s.a(lib_a-findfp.o)
                0x000078e8                __sfmoreglue
 .text.__sinit  0x00007914       0x64 c:/freescale/kds_v3/toolchain/bin/../lib/gcc/arm-none-eabi/4.8.4/../../../../arm-none-eabi/lib/armv6-m\libg_s.a(lib_a-findfp.o)
                0x00007914                __sinit
 .text.__sfp    0x00007978       0x7c c:/freescale/kds_v3/toolchain/bin/../lib/gcc/arm-none-eabi/4.8.4/../../../../arm-none-eabi/lib/armv6-m\libg_s.a(lib_a-findfp.o)
                0x00007978                __sfp
 .text.__smakebuf_r
                0x000079f4       0xa0 c:/freescale/kds_v3/toolchain/bin/../lib/gcc/arm-none-eabi/4.8.4/../../../../arm-none-eabi/lib/armv6-m\libg_s.a(lib_a-makebuf.o)
                0x000079f4                __smakebuf_r
 .text.memchr   0x00007a94       0x16 c:/freescale/kds_v3/toolchain/bin/../lib/gcc/arm-none-eabi/4.8.4/../../../../arm-none-eabi/lib/armv6-m\libg_s.a(lib_a-memchr-stub.o)
                0x00007a94                memchr
 .text._raise_r
                0x00007aaa       0x56 c:/freescale/kds_v3/toolchain/bin/../lib/gcc/arm-none-eabi/4.8.4/../../../../arm-none-eabi/lib/armv6-m\libg_s.a(lib_a-signal.o)
                0x00007aaa                _raise_r
 .text.raise    0x00007b00       0x14 c:/freescale/kds_v3/toolchain/bin/../lib/gcc/arm-none-eabi/4.8.4/../../../../arm-none-eabi/lib/armv6-m\libg_s.a(lib_a-signal.o)
                0x00007b00                raise
 .text._kill_r  0x00007b14       0x24 c:/freescale/kds_v3/toolchain/bin/../lib/gcc/arm-none-eabi/4.8.4/../../../../arm-none-eabi/lib/armv6-m\libg_s.a(lib_a-signalr.o)
                0x00007b14                _kill_r
 .text._getpid_r
                0x00007b38        0x8 c:/freescale/kds_v3/toolchain/bin/../lib/gcc/arm-none-eabi/4.8.4/../../../../arm-none-eabi/lib/armv6-m\libg_s.a(lib_a-signalr.o)
                0x00007b38                _getpid_r
 .text.__sread  0x00007b40       0x28 c:/freescale/kds_v3/toolchain/bin/../lib/gcc/arm-none-eabi/4.8.4/../../../../arm-none-eabi/lib/armv6-m\libg_s.a(lib_a-stdio.o)
                0x00007b40                __sread
 .text.__swrite
                0x00007b68       0x38 c:/freescale/kds_v3/toolchain/bin/../lib/gcc/arm-none-eabi/4.8.4/../../../../arm-none-eabi/lib/armv6-m\libg_s.a(lib_a-stdio.o)
                0x00007b68                __swrite
 .text.__sseek  0x00007ba0       0x2c c:/freescale/kds_v3/toolchain/bin/../lib/gcc/arm-none-eabi/4.8.4/../../../../arm-none-eabi/lib/armv6-m\libg_s.a(lib_a-stdio.o)
                0x00007ba0                __sseek
 .text.__sclose
                0x00007bcc        0xc c:/freescale/kds_v3/toolchain/bin/../lib/gcc/arm-none-eabi/4.8.4/../../../../arm-none-eabi/lib/armv6-m\libg_s.a(lib_a-stdio.o)
                0x00007bcc                __sclose
 .text._write_r
                0x00007bd8       0x28 c:/freescale/kds_v3/toolchain/bin/../lib/gcc/arm-none-eabi/4.8.4/../../../../arm-none-eabi/lib/armv6-m\libg_s.a(lib_a-writer.o)
                0x00007bd8                _write_r
 .text._close_r
                0x00007c00       0x24 c:/freescale/kds_v3/toolchain/bin/../lib/gcc/arm-none-eabi/4.8.4/../../../../arm-none-eabi/lib/armv6-m\libg_s.a(lib_a-closer.o)
                0x00007c00                _close_r
 .text._fstat_r
                0x00007c24       0x24 c:/freescale/kds_v3/toolchain/bin/../lib/gcc/arm-none-eabi/4.8.4/../../../../arm-none-eabi/lib/armv6-m\libg_s.a(lib_a-fstatr.o)
                0x00007c24                _fstat_r
 .text._isatty_r
                0x00007c48       0x24 c:/freescale/kds_v3/toolchain/bin/../lib/gcc/arm-none-eabi/4.8.4/../../../../arm-none-eabi/lib/armv6-m\libg_s.a(lib_a-isattyr.o)
                0x00007c48                _isatty_r
 .text._lseek_r
                0x00007c6c       0x28 c:/freescale/kds_v3/toolchain/bin/../lib/gcc/arm-none-eabi/4.8.4/../../../../arm-none-eabi/lib/armv6-m\libg_s.a(lib_a-lseekr.o)
                0x00007c6c                _lseek_r
 .text._read_r  0x00007c94       0x28 c:/freescale/kds_v3/toolchain/bin/../lib/gcc/arm-none-eabi/4.8.4/../../../../arm-none-eabi/lib/armv6-m\libg_s.a(lib_a-readr.o)
                0x00007c94                _read_r
 .text._close   0x00007cbc       0x10 c:/freescale/kds_v3/toolchain/bin/../lib/gcc/arm-none-eabi/4.8.4/../../../../arm-none-eabi/lib/armv6-m\libnosys.a(close.o)
                0x00007cbc                _close
 .text._fstat   0x00007ccc       0x10 c:/freescale/kds_v3/toolchain/bin/../lib/gcc/arm-none-eabi/4.8.4/../../../../arm-none-eabi/lib/armv6-m\libnosys.a(fstat.o)
                0x00007ccc                _fstat
 .text._getpid  0x00007cdc       0x10 c:/freescale/kds_v3/toolchain/bin/../lib/gcc/arm-none-eabi/4.8.4/../../../../arm-none-eabi/lib/armv6-m\libnosys.a(getpid.o)
                0x00007cdc                _getpid
 .text._isatty  0x00007cec       0x10 c:/freescale/kds_v3/toolchain/bin/../lib/gcc/arm-none-eabi/4.8.4/../../../../arm-none-eabi/lib/armv6-m\libnosys.a(isatty.o)
                0x00007cec                _isatty
 .text._kill    0x00007cfc       0x10 c:/freescale/kds_v3/toolchain/bin/../lib/gcc/arm-none-eabi/4.8.4/../../../../arm-none-eabi/lib/armv6-m\libnosys.a(kill.o)
                0x00007cfc                _kill
 .text._lseek   0x00007d0c       0x10 c:/freescale/kds_v3/toolchain/bin/../lib/gcc/arm-none-eabi/4.8.4/../../../../arm-none-eabi/lib/armv6-m\libnosys.a(lseek.o)
                0x00007d0c                _lseek
 .text._sbrk    0x00007d1c       0x34 c:/freescale/kds_v3/toolchain/bin/../lib/gcc/arm-none-eabi/4.8.4/../../../../arm-none-eabi/lib/armv6-m\libnosys.a(sbrk.o)
                0x00007d1c                _sbrk
 .text._exit    0x00007d50        0x4 c:/freescale/kds_v3/toolchain/bin/../lib/gcc/arm-none-eabi/4.8.4/../../../../arm-none-eabi/lib/armv6-m\libnosys.a(_exit.o)
                0x00007d50                _exit
 *(.rodata)
 .rodata        0x00007d54       0x44 ./Sources/UART.o
 .rodata        0x00007d98      0x230 ./Sources/communicationStateMachine.o
 .rodata        0x00007fc8        0xc ./Sources/fsl_debug_console.o
 .rodata        0x00007fd4       0x9c ./Sources/interfacelocal.o
 .rodata        0x00008070       0x28 ./Sources/lcd.o
 .rodata        0x00008098       0x88 ./Sources/ledrgb.o
 .rodata        0x00008120       0x44 ./Sources/mcg.o
 .rodata        0x00008164       0x40 c:/freescale/kds_v3/toolchain/bin/../lib/gcc/arm-none-eabi/4.8.4/armv6-m\libgcc.a(divsf3.o)
 .rodata        0x000081a4       0x40 c:/freescale/kds_v3/toolchain/bin/../lib/gcc/arm-none-eabi/4.8.4/armv6-m\libgcc.a(mulsf3.o)
 .rodata        0x000081e4       0x40 c:/freescale/kds_v3/toolchain/bin/../lib/gcc/arm-none-eabi/4.8.4/armv6-m\libgcc.a(muldf3.o)
 *(.rodata*)
 .rodata.__func__.6323
                0x00008224       0x14 ./Sources/UART.o
 .rodata.processByteCommunication
                0x00008238       0x14 ./Sources/communicationStateMachine.o
 .rodata.setParam
                0x0000824c       0x50 ./Sources/communicationStateMachine.o
 .rodata.returnParam
                0x0000829c       0x50 ./Sources/communicationStateMachine.o
 .rodata.localInterfaceHandler
                0x000082ec       0x30 ./Sources/interfacelocal.o
 .rodata.__func__.6317
                0x0000831c       0x14 ./Sources/ledrgb.o
 .rodata.__func__.6395
                0x00008330       0x18 ./Sources/ledrgb.o
 .rodata.__func__.6400
                0x00008348       0x18 ./Sources/ledrgb.o
 .rodata.tabela_temp
                0x00008360      0x400 ./Sources/lut_adc_3v3.o
                0x00008360                tabela_temp
 .rodata.g_defaultClockConfigRun
                0x00008760       0x14 ./Sources/mcg.o
                0x00008760                g_defaultClockConfigRun
 .rodata.__func__.5195
                0x00008774       0x14 ./Sources/mcg.o
 .rodata._doprint
                0x00008788       0xc8 ./Sources/print_scan.o
 .rodata.__func__.6554
                0x00008850       0x1a C:/Freescale/KSDK_1.2.0/lib/ksdk_platform_lib/kds/KL25Z4/debug/libksdk_platform.a(fsl_lptmr_driver.o)
 .rodata.__func__.6558
                0x0000886a       0x15 C:/Freescale/KSDK_1.2.0/lib/ksdk_platform_lib/kds/KL25Z4/debug/libksdk_platform.a(fsl_lptmr_driver.o)
 .rodata.str1.1
                0x0000887f      0x11b C:/Freescale/KSDK_1.2.0/lib/ksdk_platform_lib/kds/KL25Z4/debug/libksdk_platform.a(fsl_lptmr_driver.o)
 .rodata.__func__.6506
                0x0000899a        0xf C:/Freescale/KSDK_1.2.0/lib/ksdk_platform_lib/kds/KL25Z4/debug/libksdk_platform.a(fsl_lptmr_driver.o)
 .rodata.__func__.5685
                0x000089a9       0x12 C:/Freescale/KSDK_1.2.0/lib/ksdk_platform_lib/kds/KL25Z4/debug/libksdk_platform.a(fsl_lptmr_driver.o)
 .rodata.__func__.5689
                0x000089bb       0x13 C:/Freescale/KSDK_1.2.0/lib/ksdk_platform_lib/kds/KL25Z4/debug/libksdk_platform.a(fsl_lptmr_driver.o)
 .rodata.__func__.6518
                0x000089ce       0x10 C:/Freescale/KSDK_1.2.0/lib/ksdk_platform_lib/kds/KL25Z4/debug/libksdk_platform.a(fsl_lptmr_driver.o)
 .rodata.__func__.6529
                0x000089de       0x1b C:/Freescale/KSDK_1.2.0/lib/ksdk_platform_lib/kds/KL25Z4/debug/libksdk_platform.a(fsl_lptmr_driver.o)
 .rodata.__func__.5054
                0x000089f9       0x13 C:/Freescale/KSDK_1.2.0/lib/ksdk_platform_lib/kds/KL25Z4/debug/libksdk_platform.a(fsl_gpio_hal.o)
 .rodata.str1.1
                0x00008a0c       0x46 C:/Freescale/KSDK_1.2.0/lib/ksdk_platform_lib/kds/KL25Z4/debug/libksdk_platform.a(fsl_gpio_hal.o)
 .rodata.__func__.6307
                0x00008a52       0x1b C:/Freescale/KSDK_1.2.0/lib/ksdk_platform_lib/kds/KL25Z4/debug/libksdk_platform.a(fsl_clock_MKL25Z4.o)
 .rodata.uartGateTable
                0x00008a6d        0x3 C:/Freescale/KSDK_1.2.0/lib/ksdk_platform_lib/kds/KL25Z4/debug/libksdk_platform.a(fsl_clock_MKL25Z4.o)
 .rodata.__func__.6521
                0x00008a70       0x1a C:/Freescale/KSDK_1.2.0/lib/ksdk_platform_lib/kds/KL25Z4/debug/libksdk_platform.a(fsl_clock_MKL25Z4.o)
 .rodata.portGateTable
                0x00008a8a        0x5 C:/Freescale/KSDK_1.2.0/lib/ksdk_platform_lib/kds/KL25Z4/debug/libksdk_platform.a(fsl_clock_MKL25Z4.o)
 .rodata.__func__.6516
                0x00008a8f       0x1b C:/Freescale/KSDK_1.2.0/lib/ksdk_platform_lib/kds/KL25Z4/debug/libksdk_platform.a(fsl_clock_MKL25Z4.o)
 .rodata.str1.1
                0x00008aaa      0x225 C:/Freescale/KSDK_1.2.0/lib/ksdk_platform_lib/kds/KL25Z4/debug/libksdk_platform.a(fsl_clock_MKL25Z4.o)
 .rodata.__func__.6443
                0x00008ccf       0x1a C:/Freescale/KSDK_1.2.0/lib/ksdk_platform_lib/kds/KL25Z4/debug/libksdk_platform.a(fsl_clock_MKL25Z4.o)
 .rodata.__func__.6545
                0x00008ce9       0x12 C:/Freescale/KSDK_1.2.0/lib/ksdk_platform_lib/kds/KL25Z4/debug/libksdk_platform.a(fsl_clock_manager.o)
 .rodata.__func__.6562
                0x00008cfb       0x15 C:/Freescale/KSDK_1.2.0/lib/ksdk_platform_lib/kds/KL25Z4/debug/libksdk_platform.a(fsl_clock_manager.o)
 .rodata.str1.1
                0x00008d10       0xaf C:/Freescale/KSDK_1.2.0/lib/ksdk_platform_lib/kds/KL25Z4/debug/libksdk_platform.a(fsl_clock_manager.o)
 *fill*         0x00008dbf        0x1 
 .rodata.g_oscBase
                0x00008dc0        0x4 C:/Freescale/KSDK_1.2.0/lib/ksdk_platform_lib/kds/KL25Z4/debug/libksdk_platform.a(fsl_clock_manager_common.o)
                0x00008dc0                g_oscBase
 .rodata.g_rtcBase
                0x00008dc4        0x4 C:/Freescale/KSDK_1.2.0/lib/ksdk_platform_lib/kds/KL25Z4/debug/libksdk_platform.a(fsl_rtc_common.o)
                0x00008dc4                g_rtcBase
 .rodata.fllFactorTable.5183
                0x00008dc8       0x10 C:/Freescale/KSDK_1.2.0/lib/ksdk_platform_lib/kds/KL25Z4/debug/libksdk_platform.a(fsl_mcg_hal.o)
 .rodata.g_lptmrBase
                0x00008dd8        0x4 C:/Freescale/KSDK_1.2.0/lib/ksdk_platform_lib/kds/KL25Z4/debug/libksdk_platform.a(fsl_lptmr_common.o)
                0x00008dd8                g_lptmrBase
 .rodata.g_lptmrIrqId
                0x00008ddc        0x1 C:/Freescale/KSDK_1.2.0/lib/ksdk_platform_lib/kds/KL25Z4/debug/libksdk_platform.a(fsl_lptmr_common.o)
                0x00008ddc                g_lptmrIrqId
 .rodata.str1.1
                0x00008ddd       0x3c c:/freescale/kds_v3/toolchain/bin/../lib/gcc/arm-none-eabi/4.8.4/../../../../arm-none-eabi/lib/armv6-m\libg_s.a(lib_a-assert.o)
                                 0x3d (size before relaxing)
 .rodata.str1.1
                0x00008e19        0x2 c:/freescale/kds_v3/toolchain/bin/../lib/gcc/arm-none-eabi/4.8.4/../../../../arm-none-eabi/lib/armv6-m\libg_s.a(lib_a-impure.o)
 *fill*         0x00008e1b        0x1 
 .rodata._global_impure_ptr
                0x00008e1c        0x4 c:/freescale/kds_v3/toolchain/bin/../lib/gcc/arm-none-eabi/4.8.4/../../../../arm-none-eabi/lib/armv6-m\libg_s.a(lib_a-impure.o)
                0x00008e1c                _global_impure_ptr
 .rodata.str1.1
                0x00008e20       0x11 c:/freescale/kds_v3/toolchain/bin/../lib/gcc/arm-none-eabi/4.8.4/../../../../arm-none-eabi/lib/armv6-m\libg_s.a(lib_a-vfprintf.o)
 .rodata.str1.1
                0x00008e31       0x22 c:/freescale/kds_v3/toolchain/bin/../lib/gcc/arm-none-eabi/4.8.4/../../../../arm-none-eabi/lib/armv6-m\libg_s.a(lib_a-vfprintf_i.o)
 *fill*         0x00008e53        0x1 
 .rodata.__sf_fake_stdin
                0x00008e54       0x20 c:/freescale/kds_v3/toolchain/bin/../lib/gcc/arm-none-eabi/4.8.4/../../../../arm-none-eabi/lib/armv6-m\libg_s.a(lib_a-findfp.o)
                0x00008e54                __sf_fake_stdin
 .rodata.__sf_fake_stdout
                0x00008e74       0x20 c:/freescale/kds_v3/toolchain/bin/../lib/gcc/arm-none-eabi/4.8.4/../../../../arm-none-eabi/lib/armv6-m\libg_s.a(lib_a-findfp.o)
                0x00008e74                __sf_fake_stdout
 .rodata.__sf_fake_stderr
                0x00008e94       0x20 c:/freescale/kds_v3/toolchain/bin/../lib/gcc/arm-none-eabi/4.8.4/../../../../arm-none-eabi/lib/armv6-m\libg_s.a(lib_a-findfp.o)
                0x00008e94                __sf_fake_stderr
 *(.glue_7)
 .glue_7        0x00000000        0x0 linker stubs
 *(.glue_7t)
 .glue_7t       0x00000000        0x0 linker stubs
 *(.eh_frame)
 .eh_frame      0x00008eb4        0x0 c:/freescale/kds_v3/toolchain/bin/../lib/gcc/arm-none-eabi/4.8.4/armv6-m/crtbegin.o
 *(.init)
 .init          0x00008eb4        0x4 c:/freescale/kds_v3/toolchain/bin/../lib/gcc/arm-none-eabi/4.8.4/armv6-m/crti.o
                0x00008eb4                _init
 .init          0x00008eb8        0x8 c:/freescale/kds_v3/toolchain/bin/../lib/gcc/arm-none-eabi/4.8.4/armv6-m/crtn.o
 *(.fini)
 .fini          0x00008ec0        0x4 c:/freescale/kds_v3/toolchain/bin/../lib/gcc/arm-none-eabi/4.8.4/armv6-m/crti.o
                0x00008ec0                _fini
 .fini          0x00008ec4        0x8 c:/freescale/kds_v3/toolchain/bin/../lib/gcc/arm-none-eabi/4.8.4/armv6-m/crtn.o
                0x00008ecc                . = ALIGN (0x4)

.vfp11_veneer   0x00008ecc        0x0
 .vfp11_veneer  0x00000000        0x0 linker stubs

.v4_bx          0x00008ecc        0x0
 .v4_bx         0x00000000        0x0 linker stubs

.iplt           0x00008ecc        0x0
 .iplt          0x00000000        0x0 c:/freescale/kds_v3/toolchain/bin/../lib/gcc/arm-none-eabi/4.8.4/armv6-m/crtbegin.o

.ARM.extab
 *(.ARM.extab* .gnu.linkonce.armextab.*)

.ARM            0x00008ecc        0x8
                0x00008ecc                __exidx_start = .
 *(.ARM.exidx*)
 .ARM.exidx     0x00008ecc        0x8 c:/freescale/kds_v3/toolchain/bin/../lib/gcc/arm-none-eabi/4.8.4/../../../../arm-none-eabi/lib/armv6-m/crt0.o
                0x00008ed4                __exidx_end = .

.rel.dyn        0x00008ed4        0x0
 .rel.iplt      0x00000000        0x0 c:/freescale/kds_v3/toolchain/bin/../lib/gcc/arm-none-eabi/4.8.4/armv6-m/crtbegin.o

.ctors          0x00008ed4        0x0
                0x00008ed4                __CTOR_LIST__ = .
 *crtbegin.o(.ctors)
 *crtbegin?.o(.ctors)
 *(EXCLUDE_FILE(*crtend.o *crtend?.o) .ctors)
 *(SORT(.ctors.*))
 *(.ctors)
                0x00008ed4                __CTOR_END__ = .

.dtors          0x00008ed4        0x0
                0x00008ed4                __DTOR_LIST__ = .
 *crtbegin.o(.dtors)
 *crtbegin?.o(.dtors)
 *(EXCLUDE_FILE(*crtend.o *crtend?.o) .dtors)
 *(SORT(.dtors.*))
 *(.dtors)
                0x00008ed4                __DTOR_END__ = .

.preinit_array  0x00008ed4        0x0
                0x00008ed4                PROVIDE (__preinit_array_start, .)
 *(.preinit_array*)
                0x00008ed4                PROVIDE (__preinit_array_end, .)

.init_array     0x00008ed4        0x4
                0x00008ed4                PROVIDE (__init_array_start, .)
 *(SORT(.init_array.*))
 *(.init_array*)
 .init_array    0x00008ed4        0x4 c:/freescale/kds_v3/toolchain/bin/../lib/gcc/arm-none-eabi/4.8.4/armv6-m/crtbegin.o
                0x00008ed8                PROVIDE (__init_array_end, .)

.fini_array     0x00008ed8        0x4
                0x00008ed8                PROVIDE (__fini_array_start, .)
 *(SORT(.fini_array.*))
 *(.fini_array*)
 .fini_array    0x00008ed8        0x4 c:/freescale/kds_v3/toolchain/bin/../lib/gcc/arm-none-eabi/4.8.4/armv6-m/crtbegin.o
                0x00008edc                PROVIDE (__fini_array_end, .)
                0x00008edc                __etext = .
                0x00008edc                __DATA_ROM = .

.mtb            0x1ffff000        0x0
                0x1ffff000                . = ALIGN (0x8)
                0x1ffff000                _mtb_start = .
 *(.mtb_buf)
                0x1ffff000                . = ALIGN (0x8)
                0x1ffff000                _mtb_end = .

.interrupts_ram
                0x1ffff000        0x0
                0x1ffff000                . = ALIGN (0x4)
                0x1ffff000                __VECTOR_RAM__ = .
                0x1ffff000                __interrupts_ram_start__ = .
 *(.m_interrupts_ram)
                0x1ffff000                . = (. + M_VECTOR_RAM_SIZE)
                0x1ffff000                . = ALIGN (0x4)
                0x1ffff000                __interrupts_ram_end__ = .
                0x00000000                __VECTOR_RAM = DEFINED (__ram_vector_table__)?__VECTOR_RAM__:ORIGIN (m_interrupts)
                0x00000000                __RAM_VECTOR_TABLE_SIZE_BYTES = DEFINED (__ram_vector_table__)?(__interrupts_ram_end__ - __interrupts_ram_start__):0x0

.data           0x1ffff000       0x84 load address 0x00008edc
                0x1ffff000                . = ALIGN (0x4)
                0x1ffff000                __DATA_RAM = .
                0x1ffff000                __data_start__ = .
 *(.data)
 *(.data*)
 .data.ucUartState
                0x1ffff000        0x1 ./Sources/communicationStateMachine.o
                0x1ffff000                ucUartState
 .data.mInterface
                0x1ffff001        0x1 ./Sources/interfacelocal.o
                0x1ffff001                mInterface
 *fill*         0x1ffff002        0x2 
 .data.uiTimerConfigPIDStatus
                0x1ffff004        0x4 ./Sources/interfacelocal.o
                0x1ffff004                uiTimerConfigPIDStatus
 .data.lptmrConfig
                0x1ffff008        0x8 ./Sources/lptmr.o
                0x1ffff008                lptmrConfig
 .data.SystemCoreClock
                0x1ffff010        0x4 ./Project_Settings/Startup_Code/system_MKL25Z4.o
                0x1ffff010                SystemCoreClock
 .data.g_slowInternalRefClkFreq
                0x1ffff014        0x4 C:/Freescale/KSDK_1.2.0/lib/ksdk_platform_lib/kds/KL25Z4/debug/libksdk_platform.a(fsl_mcg_hal.o)
                0x1ffff014                g_slowInternalRefClkFreq
 .data.g_fastInternalRefClkFreq
                0x1ffff018        0x4 C:/Freescale/KSDK_1.2.0/lib/ksdk_platform_lib/kds/KL25Z4/debug/libksdk_platform.a(fsl_mcg_hal.o)
                0x1ffff018                g_fastInternalRefClkFreq
 .data.impure_data
                0x1ffff01c       0x60 c:/freescale/kds_v3/toolchain/bin/../lib/gcc/arm-none-eabi/4.8.4/../../../../arm-none-eabi/lib/armv6-m\libg_s.a(lib_a-impure.o)
 .data._impure_ptr
                0x1ffff07c        0x4 c:/freescale/kds_v3/toolchain/bin/../lib/gcc/arm-none-eabi/4.8.4/../../../../arm-none-eabi/lib/armv6-m\libg_s.a(lib_a-impure.o)
                0x1ffff07c                _impure_ptr
 *(.jcr*)
 .jcr           0x1ffff080        0x0 c:/freescale/kds_v3/toolchain/bin/../lib/gcc/arm-none-eabi/4.8.4/armv6-m/crtbegin.o
 .jcr           0x1ffff080        0x4 c:/freescale/kds_v3/toolchain/bin/../lib/gcc/arm-none-eabi/4.8.4/armv6-m/crtend.o
                0x1ffff084                . = ALIGN (0x4)
                0x1ffff084                __data_end__ = .
                0x00008f60                __DATA_END = (__DATA_ROM + (__data_end__ - __data_start__))

.igot.plt       0x1ffff084        0x0 load address 0x00008f60
 .igot.plt      0x00000000        0x0 c:/freescale/kds_v3/toolchain/bin/../lib/gcc/arm-none-eabi/4.8.4/armv6-m/crtbegin.o

.bss            0x1ffff084       0xd8 load address 0x00008f60
                0x1ffff084                . = ALIGN (0x4)
                0x1ffff084                __START_BSS = .
                0x1ffff084                __bss_start__ = .
 *(.bss)
 .bss           0x1ffff084       0x1c c:/freescale/kds_v3/toolchain/bin/../lib/gcc/arm-none-eabi/4.8.4/armv6-m/crtbegin.o
 *(.bss*)
 .bss.ucParam.5355
                0x1ffff0a0        0x1 ./Sources/communicationStateMachine.o
 *fill*         0x1ffff0a1        0x3 
 .bss.ucValue.5356
                0x1ffff0a4        0x8 ./Sources/communicationStateMachine.o
 .bss.s_debugConsole
                0x1ffff0ac       0x10 ./Sources/fsl_debug_console.o
 .bss.uiTimerConfigTimeSeconds
                0x1ffff0bc        0x4 ./Sources/interfacelocal.o
                0x1ffff0bc                uiTimerConfigTimeSeconds
 .bss.uiCoolToMaxStatus
                0x1ffff0c0        0x4 ./Sources/interfacelocal.o
                0x1ffff0c0                uiCoolToMaxStatus
 .bss.kbMcLab2  0x1ffff0c4        0x4 ./Sources/ledSwi.o
                0x1ffff0c4                kbMcLab2
 .bss.uiTachometerTimer
                0x1ffff0c8        0x4 ./Sources/main.o
                0x1ffff0c8                uiTachometerTimer
 .bss.uiInterfaceTimer
                0x1ffff0cc        0x4 ./Sources/main.o
                0x1ffff0cc                uiInterfaceTimer
 .bss.uiTachometerData
                0x1ffff0d0        0x4 ./Sources/tacometro.o
                0x1ffff0d0                uiTachometerData
 .bss.lptmr_state_ptrs
                0x1ffff0d4        0x4 C:/Freescale/KSDK_1.2.0/lib/ksdk_platform_lib/kds/KL25Z4/debug/libksdk_platform.a(fsl_lptmr_driver.o)
 .bss.g_xtal0ClkFreq
                0x1ffff0d8        0x4 C:/Freescale/KSDK_1.2.0/lib/ksdk_platform_lib/kds/KL25Z4/debug/libksdk_platform.a(fsl_mcg_hal.o)
                0x1ffff0d8                g_xtal0ClkFreq
 .bss.g_xtalRtcClkFreq
                0x1ffff0dc        0x4 C:/Freescale/KSDK_1.2.0/lib/ksdk_platform_lib/kds/KL25Z4/debug/libksdk_platform.a(fsl_mcg_hal.o)
                0x1ffff0dc                g_xtalRtcClkFreq
 .bss.__malloc_sbrk_start
                0x1ffff0e0        0x4 c:/freescale/kds_v3/toolchain/bin/../lib/gcc/arm-none-eabi/4.8.4/../../../../arm-none-eabi/lib/armv6-m\libg_s.a(lib_a-nano-mallocr.o)
                0x1ffff0e0                __malloc_sbrk_start
 .bss.__malloc_free_list
                0x1ffff0e4        0x4 c:/freescale/kds_v3/toolchain/bin/../lib/gcc/arm-none-eabi/4.8.4/../../../../arm-none-eabi/lib/armv6-m\libg_s.a(lib_a-nano-mallocr.o)
                0x1ffff0e4                __malloc_free_list
 .bss.heap_end.4246
                0x1ffff0e8        0x4 c:/freescale/kds_v3/toolchain/bin/../lib/gcc/arm-none-eabi/4.8.4/../../../../arm-none-eabi/lib/armv6-m\libnosys.a(sbrk.o)
 *(COMMON)
 COMMON         0x1ffff0ec        0x1 ./Sources/communicationStateMachine.o
                0x1ffff0ec                ucValueCount
 *fill*         0x1ffff0ed        0x3 
 COMMON         0x1ffff0f0        0xc ./Sources/filter.o
                0x1ffff0f0                fStoredDemaEma
                0x1ffff0f4                fStoredEma
                0x1ffff0f8                fStoredDema
 COMMON         0x1ffff0fc       0x22 ./Sources/lcd.o
                0x1ffff0fc                cLCDText
 *fill*         0x1ffff11e        0x2 
 COMMON         0x1ffff120        0x8 ./Sources/lptmr.o
                0x1ffff120                lptmrState
 COMMON         0x1ffff128        0x4 ./Sources/main.o
                0x1ffff128                fFilteredTemperature
 COMMON         0x1ffff12c       0x20 ./Sources/pid.o
                0x1ffff12c                pidConfig
 COMMON         0x1ffff14c        0xc ./Sources/timer.o
                0x1ffff14c                timer
 COMMON         0x1ffff158        0x4 c:/freescale/kds_v3/toolchain/bin/../lib/gcc/arm-none-eabi/4.8.4/../../../../arm-none-eabi/lib/armv6-m\libg_s.a(lib_a-reent.o)
                0x1ffff158                errno
                0x1ffff15c                . = ALIGN (0x4)
                0x1ffff15c                __bss_end__ = .
                0x1ffff15c                __END_BSS = .

.heap           0x1ffff15c      0x404 load address 0x00009038
                0x1ffff160                . = ALIGN (0x8)
 *fill*         0x1ffff15c        0x4 
                0x1ffff160                __end__ = .
                0x1ffff160                PROVIDE (end, .)
                0x1ffff160                __HeapBase = .
                0x1ffff560                . = (. + HEAP_SIZE)
 *fill*         0x1ffff160      0x400 
                0x1ffff560                __HeapLimit = .

.stack          0x1ffff560      0x400 load address 0x0000943c
                0x1ffff560                . = ALIGN (0x8)
                0x1ffff960                . = (. + STACK_SIZE)
 *fill*         0x1ffff560      0x400 
                0x20003000                __StackTop = (ORIGIN (m_data) + 0x4000)
                0x20002c00                __StackLimit = (__StackTop - STACK_SIZE)
                0x20003000                PROVIDE (__stack, __StackTop)

.ARM.attributes
                0x00000000       0x28
 *(.ARM.attributes)
 .ARM.attributes
                0x00000000       0x1e c:/freescale/kds_v3/toolchain/bin/../lib/gcc/arm-none-eabi/4.8.4/armv6-m/crti.o
 .ARM.attributes
                0x0000001e       0x2c c:/freescale/kds_v3/toolchain/bin/../lib/gcc/arm-none-eabi/4.8.4/armv6-m/crtbegin.o
 .ARM.attributes
                0x0000004a       0x1b c:/freescale/kds_v3/toolchain/bin/../lib/gcc/arm-none-eabi/4.8.4/../../../../arm-none-eabi/lib/armv6-m/crt0.o
 .ARM.attributes
                0x00000065       0x32 ./Sources/UART.o
 .ARM.attributes
                0x00000097       0x32 ./Sources/adc.o
 .ARM.attributes
                0x000000c9       0x32 ./Sources/aquecedorECooler.o
 .ARM.attributes
                0x000000fb       0x32 ./Sources/communicationStateMachine.o
 .ARM.attributes
                0x0000012d       0x32 ./Sources/filter.o
 .ARM.attributes
                0x0000015f       0x32 ./Sources/fsl_debug_console.o
 .ARM.attributes
                0x00000191       0x32 ./Sources/interfacelocal.o
 .ARM.attributes
                0x000001c3       0x32 ./Sources/lcd.o
 .ARM.attributes
                0x000001f5       0x32 ./Sources/ledSwi.o
 .ARM.attributes
                0x00000227       0x32 ./Sources/ledrgb.o
 .ARM.attributes
                0x00000259       0x32 ./Sources/lptmr.o
 .ARM.attributes
                0x0000028b       0x32 ./Sources/lut_adc_3v3.o
 .ARM.attributes
                0x000002bd       0x32 ./Sources/main.o
 .ARM.attributes
                0x000002ef       0x32 ./Sources/mcg.o
 .ARM.attributes
                0x00000321       0x32 ./Sources/pid.o
 .ARM.attributes
                0x00000353       0x32 ./Sources/print_scan.o
 .ARM.attributes
                0x00000385       0x32 ./Sources/tacometro.o
 .ARM.attributes
                0x000003b7       0x32 ./Sources/timer.o
 .ARM.attributes
                0x000003e9       0x32 ./Sources/util.o
 .ARM.attributes
                0x0000041b       0x32 ./Project_Settings/Startup_Code/startup.o
 .ARM.attributes
                0x0000044d       0x1b ./Project_Settings/Startup_Code/startup_MKL25Z4.o
 .ARM.attributes
                0x00000468       0x32 ./Project_Settings/Startup_Code/system_MKL25Z4.o
 .ARM.attributes
                0x0000049a       0x32 C:/Freescale/KSDK_1.2.0/lib/ksdk_platform_lib/kds/KL25Z4/debug/libksdk_platform.a(fsl_uart_hal.o)
 .ARM.attributes
                0x000004cc       0x32 C:/Freescale/KSDK_1.2.0/lib/ksdk_platform_lib/kds/KL25Z4/debug/libksdk_platform.a(fsl_lptmr_driver.o)
 .ARM.attributes
                0x000004fe       0x32 C:/Freescale/KSDK_1.2.0/lib/ksdk_platform_lib/kds/KL25Z4/debug/libksdk_platform.a(fsl_lpsci_hal.o)
 .ARM.attributes
                0x00000530       0x32 C:/Freescale/KSDK_1.2.0/lib/ksdk_platform_lib/kds/KL25Z4/debug/libksdk_platform.a(fsl_gpio_hal.o)
 .ARM.attributes
                0x00000562       0x32 C:/Freescale/KSDK_1.2.0/lib/ksdk_platform_lib/kds/KL25Z4/debug/libksdk_platform.a(fsl_clock_MKL25Z4.o)
 .ARM.attributes
                0x00000594       0x32 C:/Freescale/KSDK_1.2.0/lib/ksdk_platform_lib/kds/KL25Z4/debug/libksdk_platform.a(fsl_clock_manager.o)
 .ARM.attributes
                0x000005c6       0x32 C:/Freescale/KSDK_1.2.0/lib/ksdk_platform_lib/kds/KL25Z4/debug/libksdk_platform.a(fsl_clock_manager_common.o)
 .ARM.attributes
                0x000005f8       0x32 C:/Freescale/KSDK_1.2.0/lib/ksdk_platform_lib/kds/KL25Z4/debug/libksdk_platform.a(fsl_sim_hal_MKL25Z4.o)
 .ARM.attributes
                0x0000062a       0x32 C:/Freescale/KSDK_1.2.0/lib/ksdk_platform_lib/kds/KL25Z4/debug/libksdk_platform.a(fsl_rtc_common.o)
 .ARM.attributes
                0x0000065c       0x32 C:/Freescale/KSDK_1.2.0/lib/ksdk_platform_lib/kds/KL25Z4/debug/libksdk_platform.a(fsl_osc_hal.o)
 .ARM.attributes
                0x0000068e       0x32 C:/Freescale/KSDK_1.2.0/lib/ksdk_platform_lib/kds/KL25Z4/debug/libksdk_platform.a(fsl_mcg_hal.o)
 .ARM.attributes
                0x000006c0       0x32 C:/Freescale/KSDK_1.2.0/lib/ksdk_platform_lib/kds/KL25Z4/debug/libksdk_platform.a(fsl_mcg_hal_modes.o)
 .ARM.attributes
                0x000006f2       0x32 C:/Freescale/KSDK_1.2.0/lib/ksdk_platform_lib/kds/KL25Z4/debug/libksdk_platform.a(fsl_lptmr_hal.o)
 .ARM.attributes
                0x00000724       0x32 C:/Freescale/KSDK_1.2.0/lib/ksdk_platform_lib/kds/KL25Z4/debug/libksdk_platform.a(fsl_lptmr_common.o)
 .ARM.attributes
                0x00000756       0x1e c:/freescale/kds_v3/toolchain/bin/../lib/gcc/arm-none-eabi/4.8.4/armv6-m\libgcc.a(_thumb1_case_uqi.o)
 .ARM.attributes
                0x00000774       0x1e c:/freescale/kds_v3/toolchain/bin/../lib/gcc/arm-none-eabi/4.8.4/armv6-m\libgcc.a(_udivsi3.o)
 .ARM.attributes
                0x00000792       0x1e c:/freescale/kds_v3/toolchain/bin/../lib/gcc/arm-none-eabi/4.8.4/armv6-m\libgcc.a(_divsi3.o)
 .ARM.attributes
                0x000007b0       0x1e c:/freescale/kds_v3/toolchain/bin/../lib/gcc/arm-none-eabi/4.8.4/armv6-m\libgcc.a(_dvmd_tls.o)
 .ARM.attributes
                0x000007ce       0x1e c:/freescale/kds_v3/toolchain/bin/../lib/gcc/arm-none-eabi/4.8.4/armv6-m\libgcc.a(_arm_cmpsf2.o)
 .ARM.attributes
                0x000007ec       0x2c c:/freescale/kds_v3/toolchain/bin/../lib/gcc/arm-none-eabi/4.8.4/armv6-m\libgcc.a(_fixunssfsi.o)
 .ARM.attributes
                0x00000818       0x2c c:/freescale/kds_v3/toolchain/bin/../lib/gcc/arm-none-eabi/4.8.4/armv6-m\libgcc.a(addsf3.o)
 .ARM.attributes
                0x00000844       0x2c c:/freescale/kds_v3/toolchain/bin/../lib/gcc/arm-none-eabi/4.8.4/armv6-m\libgcc.a(divsf3.o)
 .ARM.attributes
                0x00000870       0x2c c:/freescale/kds_v3/toolchain/bin/../lib/gcc/arm-none-eabi/4.8.4/armv6-m\libgcc.a(eqsf2.o)
 .ARM.attributes
                0x0000089c       0x2c c:/freescale/kds_v3/toolchain/bin/../lib/gcc/arm-none-eabi/4.8.4/armv6-m\libgcc.a(gesf2.o)
 .ARM.attributes
                0x000008c8       0x2c c:/freescale/kds_v3/toolchain/bin/../lib/gcc/arm-none-eabi/4.8.4/armv6-m\libgcc.a(lesf2.o)
 .ARM.attributes
                0x000008f4       0x2c c:/freescale/kds_v3/toolchain/bin/../lib/gcc/arm-none-eabi/4.8.4/armv6-m\libgcc.a(mulsf3.o)
 .ARM.attributes
                0x00000920       0x2c c:/freescale/kds_v3/toolchain/bin/../lib/gcc/arm-none-eabi/4.8.4/armv6-m\libgcc.a(subsf3.o)
 .ARM.attributes
                0x0000094c       0x2c c:/freescale/kds_v3/toolchain/bin/../lib/gcc/arm-none-eabi/4.8.4/armv6-m\libgcc.a(fixsfsi.o)
 .ARM.attributes
                0x00000978       0x2c c:/freescale/kds_v3/toolchain/bin/../lib/gcc/arm-none-eabi/4.8.4/armv6-m\libgcc.a(floatsisf.o)
 .ARM.attributes
                0x000009a4       0x2c c:/freescale/kds_v3/toolchain/bin/../lib/gcc/arm-none-eabi/4.8.4/armv6-m\libgcc.a(floatunsisf.o)
 .ARM.attributes
                0x000009d0       0x2c c:/freescale/kds_v3/toolchain/bin/../lib/gcc/arm-none-eabi/4.8.4/armv6-m\libgcc.a(adddf3.o)
 .ARM.attributes
                0x000009fc       0x2c c:/freescale/kds_v3/toolchain/bin/../lib/gcc/arm-none-eabi/4.8.4/armv6-m\libgcc.a(muldf3.o)
 .ARM.attributes
                0x00000a28       0x2c c:/freescale/kds_v3/toolchain/bin/../lib/gcc/arm-none-eabi/4.8.4/armv6-m\libgcc.a(extendsfdf2.o)
 .ARM.attributes
                0x00000a54       0x2c c:/freescale/kds_v3/toolchain/bin/../lib/gcc/arm-none-eabi/4.8.4/armv6-m\libgcc.a(truncdfsf2.o)
 .ARM.attributes
                0x00000a80       0x1e c:/freescale/kds_v3/toolchain/bin/../lib/gcc/arm-none-eabi/4.8.4/armv6-m\libgcc.a(_clzsi2.o)
 .ARM.attributes
                0x00000a9e       0x2c c:/freescale/kds_v3/toolchain/bin/../lib/gcc/arm-none-eabi/4.8.4/../../../../arm-none-eabi/lib/armv6-m\libg_s.a(lib_a-assert.o)
 .ARM.attributes
                0x00000aca       0x2c c:/freescale/kds_v3/toolchain/bin/../lib/gcc/arm-none-eabi/4.8.4/../../../../arm-none-eabi/lib/armv6-m\libg_s.a(lib_a-exit.o)
 .ARM.attributes
                0x00000af6       0x2c c:/freescale/kds_v3/toolchain/bin/../lib/gcc/arm-none-eabi/4.8.4/../../../../arm-none-eabi/lib/armv6-m\libg_s.a(lib_a-fprintf.o)
 .ARM.attributes
                0x00000b22       0x2c c:/freescale/kds_v3/toolchain/bin/../lib/gcc/arm-none-eabi/4.8.4/../../../../arm-none-eabi/lib/armv6-m\libg_s.a(lib_a-impure.o)
 .ARM.attributes
                0x00000b4e       0x2c c:/freescale/kds_v3/toolchain/bin/../lib/gcc/arm-none-eabi/4.8.4/../../../../arm-none-eabi/lib/armv6-m\libg_s.a(lib_a-init.o)
 .ARM.attributes
                0x00000b7a       0x2c c:/freescale/kds_v3/toolchain/bin/../lib/gcc/arm-none-eabi/4.8.4/../../../../arm-none-eabi/lib/armv6-m\libg_s.a(lib_a-memcpy-stub.o)
 .ARM.attributes
                0x00000ba6       0x2c c:/freescale/kds_v3/toolchain/bin/../lib/gcc/arm-none-eabi/4.8.4/../../../../arm-none-eabi/lib/armv6-m\libg_s.a(lib_a-memset.o)
 .ARM.attributes
                0x00000bd2       0x2c c:/freescale/kds_v3/toolchain/bin/../lib/gcc/arm-none-eabi/4.8.4/../../../../arm-none-eabi/lib/armv6-m\libg_s.a(lib_a-nano-freer.o)
 .ARM.attributes
                0x00000bfe       0x2c c:/freescale/kds_v3/toolchain/bin/../lib/gcc/arm-none-eabi/4.8.4/../../../../arm-none-eabi/lib/armv6-m\libg_s.a(lib_a-nano-mallocr.o)
 .ARM.attributes
                0x00000c2a       0x2c c:/freescale/kds_v3/toolchain/bin/../lib/gcc/arm-none-eabi/4.8.4/../../../../arm-none-eabi/lib/armv6-m\libg_s.a(lib_a-sbrkr.o)
 .ARM.attributes
                0x00000c56       0x2c c:/freescale/kds_v3/toolchain/bin/../lib/gcc/arm-none-eabi/4.8.4/../../../../arm-none-eabi/lib/armv6-m\libg_s.a(lib_a-strlen.o)
 .ARM.attributes
                0x00000c82       0x2c c:/freescale/kds_v3/toolchain/bin/../lib/gcc/arm-none-eabi/4.8.4/../../../../arm-none-eabi/lib/armv6-m\libg_s.a(lib_a-vfprintf.o)
 .ARM.attributes
                0x00000cae       0x2c c:/freescale/kds_v3/toolchain/bin/../lib/gcc/arm-none-eabi/4.8.4/../../../../arm-none-eabi/lib/armv6-m\libg_s.a(lib_a-vfprintf_i.o)
 .ARM.attributes
                0x00000cda       0x2c c:/freescale/kds_v3/toolchain/bin/../lib/gcc/arm-none-eabi/4.8.4/../../../../arm-none-eabi/lib/armv6-m\libg_s.a(lib_a-wbuf.o)
 .ARM.attributes
                0x00000d06       0x2c c:/freescale/kds_v3/toolchain/bin/../lib/gcc/arm-none-eabi/4.8.4/../../../../arm-none-eabi/lib/armv6-m\libg_s.a(lib_a-wsetup.o)
 .ARM.attributes
                0x00000d32       0x2c c:/freescale/kds_v3/toolchain/bin/../lib/gcc/arm-none-eabi/4.8.4/../../../../arm-none-eabi/lib/armv6-m\libg_s.a(lib_a-abort.o)
 .ARM.attributes
                0x00000d5e       0x2c c:/freescale/kds_v3/toolchain/bin/../lib/gcc/arm-none-eabi/4.8.4/../../../../arm-none-eabi/lib/armv6-m\libg_s.a(lib_a-fflush.o)
 .ARM.attributes
                0x00000d8a       0x2c c:/freescale/kds_v3/toolchain/bin/../lib/gcc/arm-none-eabi/4.8.4/../../../../arm-none-eabi/lib/armv6-m\libg_s.a(lib_a-findfp.o)
 .ARM.attributes
                0x00000db6       0x2c c:/freescale/kds_v3/toolchain/bin/../lib/gcc/arm-none-eabi/4.8.4/../../../../arm-none-eabi/lib/armv6-m\libg_s.a(lib_a-makebuf.o)
 .ARM.attributes
                0x00000de2       0x2c c:/freescale/kds_v3/toolchain/bin/../lib/gcc/arm-none-eabi/4.8.4/../../../../arm-none-eabi/lib/armv6-m\libg_s.a(lib_a-memchr-stub.o)
 .ARM.attributes
                0x00000e0e       0x2c c:/freescale/kds_v3/toolchain/bin/../lib/gcc/arm-none-eabi/4.8.4/../../../../arm-none-eabi/lib/armv6-m\libg_s.a(lib_a-reent.o)
 .ARM.attributes
                0x00000e3a       0x2c c:/freescale/kds_v3/toolchain/bin/../lib/gcc/arm-none-eabi/4.8.4/../../../../arm-none-eabi/lib/armv6-m\libg_s.a(lib_a-signal.o)
 .ARM.attributes
                0x00000e66       0x2c c:/freescale/kds_v3/toolchain/bin/../lib/gcc/arm-none-eabi/4.8.4/../../../../arm-none-eabi/lib/armv6-m\libg_s.a(lib_a-signalr.o)
 .ARM.attributes
                0x00000e92       0x2c c:/freescale/kds_v3/toolchain/bin/../lib/gcc/arm-none-eabi/4.8.4/../../../../arm-none-eabi/lib/armv6-m\libg_s.a(lib_a-stdio.o)
 .ARM.attributes
                0x00000ebe       0x2c c:/freescale/kds_v3/toolchain/bin/../lib/gcc/arm-none-eabi/4.8.4/../../../../arm-none-eabi/lib/armv6-m\libg_s.a(lib_a-writer.o)
 .ARM.attributes
                0x00000eea       0x2c c:/freescale/kds_v3/toolchain/bin/../lib/gcc/arm-none-eabi/4.8.4/../../../../arm-none-eabi/lib/armv6-m\libg_s.a(lib_a-closer.o)
 .ARM.attributes
                0x00000f16       0x2c c:/freescale/kds_v3/toolchain/bin/../lib/gcc/arm-none-eabi/4.8.4/../../../../arm-none-eabi/lib/armv6-m\libg_s.a(lib_a-fstatr.o)
 .ARM.attributes
                0x00000f42       0x2c c:/freescale/kds_v3/toolchain/bin/../lib/gcc/arm-none-eabi/4.8.4/../../../../arm-none-eabi/lib/armv6-m\libg_s.a(lib_a-isattyr.o)
 .ARM.attributes
                0x00000f6e       0x2c c:/freescale/kds_v3/toolchain/bin/../lib/gcc/arm-none-eabi/4.8.4/../../../../arm-none-eabi/lib/armv6-m\libg_s.a(lib_a-lseekr.o)
 .ARM.attributes
                0x00000f9a       0x2c c:/freescale/kds_v3/toolchain/bin/../lib/gcc/arm-none-eabi/4.8.4/../../../../arm-none-eabi/lib/armv6-m\libg_s.a(lib_a-readr.o)
 .ARM.attributes
                0x00000fc6       0x2c c:/freescale/kds_v3/toolchain/bin/../lib/gcc/arm-none-eabi/4.8.4/../../../../arm-none-eabi/lib/armv6-m\libnosys.a(close.o)
 .ARM.attributes
                0x00000ff2       0x2c c:/freescale/kds_v3/toolchain/bin/../lib/gcc/arm-none-eabi/4.8.4/../../../../arm-none-eabi/lib/armv6-m\libnosys.a(fstat.o)
 .ARM.attributes
                0x0000101e       0x2c c:/freescale/kds_v3/toolchain/bin/../lib/gcc/arm-none-eabi/4.8.4/../../../../arm-none-eabi/lib/armv6-m\libnosys.a(getpid.o)
 .ARM.attributes
                0x0000104a       0x2c c:/freescale/kds_v3/toolchain/bin/../lib/gcc/arm-none-eabi/4.8.4/../../../../arm-none-eabi/lib/armv6-m\libnosys.a(isatty.o)
 .ARM.attributes
                0x00001076       0x2c c:/freescale/kds_v3/toolchain/bin/../lib/gcc/arm-none-eabi/4.8.4/../../../../arm-none-eabi/lib/armv6-m\libnosys.a(kill.o)
 .ARM.attributes
                0x000010a2       0x2c c:/freescale/kds_v3/toolchain/bin/../lib/gcc/arm-none-eabi/4.8.4/../../../../arm-none-eabi/lib/armv6-m\libnosys.a(lseek.o)
 .ARM.attributes
                0x000010ce       0x2c c:/freescale/kds_v3/toolchain/bin/../lib/gcc/arm-none-eabi/4.8.4/../../../../arm-none-eabi/lib/armv6-m\libnosys.a(sbrk.o)
 .ARM.attributes
                0x000010fa       0x2c c:/freescale/kds_v3/toolchain/bin/../lib/gcc/arm-none-eabi/4.8.4/../../../../arm-none-eabi/lib/armv6-m\libnosys.a(_exit.o)
 .ARM.attributes
                0x00001126       0x2c c:/freescale/kds_v3/toolchain/bin/../lib/gcc/arm-none-eabi/4.8.4/armv6-m/crtend.o
 .ARM.attributes
                0x00001152       0x1e c:/freescale/kds_v3/toolchain/bin/../lib/gcc/arm-none-eabi/4.8.4/armv6-m/crtn.o
                0x00000001                ASSERT ((__StackLimit >= __HeapLimit), region m_data overflowed with stack and heap)
OUTPUT(ProjetoES670.elf elf32-littlearm)

.debug_info     0x00000000     0xfa4d
 .debug_info    0x00000000      0x72a ./Sources/UART.o
 .debug_info    0x0000072a      0x575 ./Sources/adc.o
 .debug_info    0x00000c9f      0x514 ./Sources/aquecedorECooler.o
 .debug_info    0x000011b3      0x245 ./Sources/communicationStateMachine.o
 .debug_info    0x000013f8      0x10e ./Sources/filter.o
 .debug_info    0x00001506      0xa71 ./Sources/fsl_debug_console.o
 .debug_info    0x00001f77      0x4a9 ./Sources/interfacelocal.o
 .debug_info    0x00002420      0x55c ./Sources/lcd.o
 .debug_info    0x0000297c      0x4b7 ./Sources/ledSwi.o
 .debug_info    0x00002e33      0x399 ./Sources/ledrgb.o
 .debug_info    0x000031cc      0x310 ./Sources/lptmr.o
 .debug_info    0x000034dc       0x56 ./Sources/lut_adc_3v3.o
 .debug_info    0x00003532      0x1a2 ./Sources/main.o
 .debug_info    0x000036d4      0x786 ./Sources/mcg.o
 .debug_info    0x00003e5a      0x241 ./Sources/pid.o
 .debug_info    0x0000409b      0x5eb ./Sources/print_scan.o
 .debug_info    0x00004686      0x454 ./Sources/tacometro.o
 .debug_info    0x00004ada      0x136 ./Sources/timer.o
 .debug_info    0x00004c10      0x2dd ./Sources/util.o
 .debug_info    0x00004eed      0x296 ./Project_Settings/Startup_Code/startup.o
 .debug_info    0x00005183       0xa2 ./Project_Settings/Startup_Code/startup_MKL25Z4.o
 .debug_info    0x00005225      0x3f4 ./Project_Settings/Startup_Code/system_MKL25Z4.o
 .debug_info    0x00005619      0x934 C:/Freescale/KSDK_1.2.0/lib/ksdk_platform_lib/kds/KL25Z4/debug/libksdk_platform.a(fsl_uart_hal.o)
 .debug_info    0x00005f4d     0x151f C:/Freescale/KSDK_1.2.0/lib/ksdk_platform_lib/kds/KL25Z4/debug/libksdk_platform.a(fsl_lptmr_driver.o)
 .debug_info    0x0000746c      0x9e2 C:/Freescale/KSDK_1.2.0/lib/ksdk_platform_lib/kds/KL25Z4/debug/libksdk_platform.a(fsl_lpsci_hal.o)
 .debug_info    0x00007e4e      0x35b C:/Freescale/KSDK_1.2.0/lib/ksdk_platform_lib/kds/KL25Z4/debug/libksdk_platform.a(fsl_gpio_hal.o)
 .debug_info    0x000081a9     0x2546 C:/Freescale/KSDK_1.2.0/lib/ksdk_platform_lib/kds/KL25Z4/debug/libksdk_platform.a(fsl_clock_MKL25Z4.o)
 .debug_info    0x0000a6ef     0x1c57 C:/Freescale/KSDK_1.2.0/lib/ksdk_platform_lib/kds/KL25Z4/debug/libksdk_platform.a(fsl_clock_manager.o)
 .debug_info    0x0000c346      0x448 C:/Freescale/KSDK_1.2.0/lib/ksdk_platform_lib/kds/KL25Z4/debug/libksdk_platform.a(fsl_clock_manager_common.o)
 .debug_info    0x0000c78e      0xbe0 C:/Freescale/KSDK_1.2.0/lib/ksdk_platform_lib/kds/KL25Z4/debug/libksdk_platform.a(fsl_sim_hal_MKL25Z4.o)
 .debug_info    0x0000d36e      0x262 C:/Freescale/KSDK_1.2.0/lib/ksdk_platform_lib/kds/KL25Z4/debug/libksdk_platform.a(fsl_rtc_common.o)
 .debug_info    0x0000d5d0       0xef C:/Freescale/KSDK_1.2.0/lib/ksdk_platform_lib/kds/KL25Z4/debug/libksdk_platform.a(fsl_osc_hal.o)
 .debug_info    0x0000d6bf      0xd33 C:/Freescale/KSDK_1.2.0/lib/ksdk_platform_lib/kds/KL25Z4/debug/libksdk_platform.a(fsl_mcg_hal.o)
 .debug_info    0x0000e3f2      0xf3a C:/Freescale/KSDK_1.2.0/lib/ksdk_platform_lib/kds/KL25Z4/debug/libksdk_platform.a(fsl_mcg_hal_modes.o)
 .debug_info    0x0000f32c      0x506 C:/Freescale/KSDK_1.2.0/lib/ksdk_platform_lib/kds/KL25Z4/debug/libksdk_platform.a(fsl_lptmr_hal.o)
 .debug_info    0x0000f832      0x21b C:/Freescale/KSDK_1.2.0/lib/ksdk_platform_lib/kds/KL25Z4/debug/libksdk_platform.a(fsl_lptmr_common.o)

.debug_abbrev   0x00000000     0x36ba
 .debug_abbrev  0x00000000      0x17a ./Sources/UART.o
 .debug_abbrev  0x0000017a      0x150 ./Sources/adc.o
 .debug_abbrev  0x000002ca      0x151 ./Sources/aquecedorECooler.o
 .debug_abbrev  0x0000041b      0x10f ./Sources/communicationStateMachine.o
 .debug_abbrev  0x0000052a       0x78 ./Sources/filter.o
 .debug_abbrev  0x000005a2      0x23a ./Sources/fsl_debug_console.o
 .debug_abbrev  0x000007dc       0xd7 ./Sources/interfacelocal.o
 .debug_abbrev  0x000008b3      0x16a ./Sources/lcd.o
 .debug_abbrev  0x00000a1d      0x160 ./Sources/ledSwi.o
 .debug_abbrev  0x00000b7d      0x139 ./Sources/ledrgb.o
 .debug_abbrev  0x00000cb6       0xf5 ./Sources/lptmr.o
 .debug_abbrev  0x00000dab       0x48 ./Sources/lut_adc_3v3.o
 .debug_abbrev  0x00000df3       0xf8 ./Sources/main.o
 .debug_abbrev  0x00000eeb      0x1b6 ./Sources/mcg.o
 .debug_abbrev  0x000010a1      0x134 ./Sources/pid.o
 .debug_abbrev  0x000011d5      0x1b6 ./Sources/print_scan.o
 .debug_abbrev  0x0000138b      0x132 ./Sources/tacometro.o
 .debug_abbrev  0x000014bd       0xc9 ./Sources/timer.o
 .debug_abbrev  0x00001586      0x14f ./Sources/util.o
 .debug_abbrev  0x000016d5       0xe9 ./Project_Settings/Startup_Code/startup.o
 .debug_abbrev  0x000017be       0x14 ./Project_Settings/Startup_Code/startup_MKL25Z4.o
 .debug_abbrev  0x000017d2      0x109 ./Project_Settings/Startup_Code/system_MKL25Z4.o
 .debug_abbrev  0x000018db      0x27e C:/Freescale/KSDK_1.2.0/lib/ksdk_platform_lib/kds/KL25Z4/debug/libksdk_platform.a(fsl_uart_hal.o)
 .debug_abbrev  0x00001b59      0x3af C:/Freescale/KSDK_1.2.0/lib/ksdk_platform_lib/kds/KL25Z4/debug/libksdk_platform.a(fsl_lptmr_driver.o)
 .debug_abbrev  0x00001f08      0x228 C:/Freescale/KSDK_1.2.0/lib/ksdk_platform_lib/kds/KL25Z4/debug/libksdk_platform.a(fsl_lpsci_hal.o)
 .debug_abbrev  0x00002130      0x133 C:/Freescale/KSDK_1.2.0/lib/ksdk_platform_lib/kds/KL25Z4/debug/libksdk_platform.a(fsl_gpio_hal.o)
 .debug_abbrev  0x00002263      0x445 C:/Freescale/KSDK_1.2.0/lib/ksdk_platform_lib/kds/KL25Z4/debug/libksdk_platform.a(fsl_clock_MKL25Z4.o)
 .debug_abbrev  0x000026a8      0x3d0 C:/Freescale/KSDK_1.2.0/lib/ksdk_platform_lib/kds/KL25Z4/debug/libksdk_platform.a(fsl_clock_manager.o)
 .debug_abbrev  0x00002a78       0xdb C:/Freescale/KSDK_1.2.0/lib/ksdk_platform_lib/kds/KL25Z4/debug/libksdk_platform.a(fsl_clock_manager_common.o)
 .debug_abbrev  0x00002b53      0x1ac C:/Freescale/KSDK_1.2.0/lib/ksdk_platform_lib/kds/KL25Z4/debug/libksdk_platform.a(fsl_sim_hal_MKL25Z4.o)
 .debug_abbrev  0x00002cff       0xae C:/Freescale/KSDK_1.2.0/lib/ksdk_platform_lib/kds/KL25Z4/debug/libksdk_platform.a(fsl_rtc_common.o)
 .debug_abbrev  0x00002dad       0xa8 C:/Freescale/KSDK_1.2.0/lib/ksdk_platform_lib/kds/KL25Z4/debug/libksdk_platform.a(fsl_osc_hal.o)
 .debug_abbrev  0x00002e55      0x314 C:/Freescale/KSDK_1.2.0/lib/ksdk_platform_lib/kds/KL25Z4/debug/libksdk_platform.a(fsl_mcg_hal.o)
 .debug_abbrev  0x00003169      0x2f7 C:/Freescale/KSDK_1.2.0/lib/ksdk_platform_lib/kds/KL25Z4/debug/libksdk_platform.a(fsl_mcg_hal_modes.o)
 .debug_abbrev  0x00003460      0x1ac C:/Freescale/KSDK_1.2.0/lib/ksdk_platform_lib/kds/KL25Z4/debug/libksdk_platform.a(fsl_lptmr_hal.o)
 .debug_abbrev  0x0000360c       0xae C:/Freescale/KSDK_1.2.0/lib/ksdk_platform_lib/kds/KL25Z4/debug/libksdk_platform.a(fsl_lptmr_common.o)

.debug_aranges  0x00000000      0xc08
 .debug_aranges
                0x00000000       0x40 ./Sources/UART.o
 .debug_aranges
                0x00000040       0x40 ./Sources/adc.o
 .debug_aranges
                0x00000080       0x50 ./Sources/aquecedorECooler.o
 .debug_aranges
                0x000000d0       0x30 ./Sources/communicationStateMachine.o
 .debug_aranges
                0x00000100       0x38 ./Sources/filter.o
 .debug_aranges
                0x00000138       0xa0 ./Sources/fsl_debug_console.o
 .debug_aranges
                0x000001d8       0x20 ./Sources/interfacelocal.o
 .debug_aranges
                0x000001f8       0x60 ./Sources/lcd.o
 .debug_aranges
                0x00000258       0x48 ./Sources/ledSwi.o
 .debug_aranges
                0x000002a0       0x40 ./Sources/ledrgb.o
 .debug_aranges
                0x000002e0       0x28 ./Sources/lptmr.o
 .debug_aranges
                0x00000308       0x18 ./Sources/lut_adc_3v3.o
 .debug_aranges
                0x00000320       0x48 ./Sources/main.o
 .debug_aranges
                0x00000368       0x48 ./Sources/mcg.o
 .debug_aranges
                0x000003b0       0x78 ./Sources/pid.o
 .debug_aranges
                0x00000428       0x48 ./Sources/print_scan.o
 .debug_aranges
                0x00000470       0x30 ./Sources/tacometro.o
 .debug_aranges
                0x000004a0       0x48 ./Sources/timer.o
 .debug_aranges
                0x000004e8       0x70 ./Sources/util.o
 .debug_aranges
                0x00000558       0x20 ./Project_Settings/Startup_Code/startup.o
 .debug_aranges
                0x00000578       0x20 ./Project_Settings/Startup_Code/startup_MKL25Z4.o
 .debug_aranges
                0x00000598       0x28 ./Project_Settings/Startup_Code/system_MKL25Z4.o
 .debug_aranges
                0x000005c0       0xa8 C:/Freescale/KSDK_1.2.0/lib/ksdk_platform_lib/kds/KL25Z4/debug/libksdk_platform.a(fsl_uart_hal.o)
 .debug_aranges
                0x00000668       0x70 C:/Freescale/KSDK_1.2.0/lib/ksdk_platform_lib/kds/KL25Z4/debug/libksdk_platform.a(fsl_lptmr_driver.o)
 .debug_aranges
                0x000006d8       0xb0 C:/Freescale/KSDK_1.2.0/lib/ksdk_platform_lib/kds/KL25Z4/debug/libksdk_platform.a(fsl_lpsci_hal.o)
 .debug_aranges
                0x00000788       0x38 C:/Freescale/KSDK_1.2.0/lib/ksdk_platform_lib/kds/KL25Z4/debug/libksdk_platform.a(fsl_gpio_hal.o)
 .debug_aranges
                0x000007c0      0x198 C:/Freescale/KSDK_1.2.0/lib/ksdk_platform_lib/kds/KL25Z4/debug/libksdk_platform.a(fsl_clock_MKL25Z4.o)
 .debug_aranges
                0x00000958       0x78 C:/Freescale/KSDK_1.2.0/lib/ksdk_platform_lib/kds/KL25Z4/debug/libksdk_platform.a(fsl_clock_manager.o)
 .debug_aranges
                0x000009d0       0x18 C:/Freescale/KSDK_1.2.0/lib/ksdk_platform_lib/kds/KL25Z4/debug/libksdk_platform.a(fsl_clock_manager_common.o)
 .debug_aranges
                0x000009e8       0x90 C:/Freescale/KSDK_1.2.0/lib/ksdk_platform_lib/kds/KL25Z4/debug/libksdk_platform.a(fsl_sim_hal_MKL25Z4.o)
 .debug_aranges